Component: ARM Compiler 5.06 update 7 (build 960) Tool: armlink [4d3601]

==============================================================================

Section Cross References

    main.o(.emb_text) refers to main.o(i.hard_fault_handler_c) for hard_fault_handler_c
    main.o(i.SysTick_Handler) refers to main.o(.data) for .data
    main.o(i.delayMS) refers to main.o(.data) for .data
    main.o(i.hard_fault_handler_c) refers to _printf_percent.o(.ARM.Collect$$_printf_percent$$00000000) for _printf_percent
    main.o(i.hard_fault_handler_c) refers to _printf_x.o(.ARM.Collect$$_printf_percent$$0000000C) for _printf_x
    main.o(i.hard_fault_handler_c) refers to _printf_hex_int.o(.text) for _printf_longlong_hex
    main.o(i.hard_fault_handler_c) refers to noretval__2printf.o(.text) for __2printf
    main.o(i.main) refers to system_cms32l051.o(i.SystemCoreClockUpdate) for SystemCoreClockUpdate
    main.o(i.main) refers to aeabi_sdiv.o(.text) for __aeabi_uidivmod
    main.o(i.main) refers to main.o(i.delayMS) for delayMS
    main.o(i.main) refers to sci.o(i.UART0_Init) for UART0_Init
    main.o(i.main) refers to noretval__2printf.o(.text) for __2printf
    main.o(i.main) refers to getc.o(.text) for getc
    main.o(i.main) refers to system_cms32l051.o(.data) for SystemCoreClock
    main.o(i.main) refers to retarget.o(.data) for __stdin
    sci.o(i.IIC00_MasterReceive) refers to sci.o(i.IIC00_StartCondition) for IIC00_StartCondition
    sci.o(i.IIC00_MasterReceive) refers to sci.o(i.__NVIC_ClearPendingIRQ) for __NVIC_ClearPendingIRQ
    sci.o(i.IIC00_MasterReceive) refers to sci.o(i.__NVIC_SetPriority) for __NVIC_SetPriority
    sci.o(i.IIC00_MasterReceive) refers to sci.o(.data) for .data
    sci.o(i.IIC00_MasterSend) refers to sci.o(i.IIC00_StartCondition) for IIC00_StartCondition
    sci.o(i.IIC00_MasterSend) refers to sci.o(i.__NVIC_ClearPendingIRQ) for __NVIC_ClearPendingIRQ
    sci.o(i.IIC00_MasterSend) refers to sci.o(i.__NVIC_SetPriority) for __NVIC_SetPriority
    sci.o(i.IIC00_MasterSend) refers to sci.o(.data) for .data
    sci.o(i.IIC00_StopCondition) refers to sci.o(.data) for .data
    sci.o(i.IIC01_MasterReceive) refers to sci.o(i.IIC01_StartCondition) for IIC01_StartCondition
    sci.o(i.IIC01_MasterReceive) refers to sci.o(i.__NVIC_ClearPendingIRQ) for __NVIC_ClearPendingIRQ
    sci.o(i.IIC01_MasterReceive) refers to sci.o(.data) for .data
    sci.o(i.IIC01_MasterSend) refers to sci.o(i.IIC01_StartCondition) for IIC01_StartCondition
    sci.o(i.IIC01_MasterSend) refers to sci.o(i.__NVIC_ClearPendingIRQ) for __NVIC_ClearPendingIRQ
    sci.o(i.IIC01_MasterSend) refers to sci.o(.data) for .data
    sci.o(i.IIC10_MasterReceive) refers to sci.o(i.IIC10_StartCondition) for IIC10_StartCondition
    sci.o(i.IIC10_MasterReceive) refers to sci.o(i.__NVIC_ClearPendingIRQ) for __NVIC_ClearPendingIRQ
    sci.o(i.IIC10_MasterReceive) refers to sci.o(i.__NVIC_SetPriority) for __NVIC_SetPriority
    sci.o(i.IIC10_MasterReceive) refers to sci.o(.data) for .data
    sci.o(i.IIC10_MasterSend) refers to sci.o(i.IIC10_StartCondition) for IIC10_StartCondition
    sci.o(i.IIC10_MasterSend) refers to sci.o(i.__NVIC_ClearPendingIRQ) for __NVIC_ClearPendingIRQ
    sci.o(i.IIC10_MasterSend) refers to sci.o(i.__NVIC_SetPriority) for __NVIC_SetPriority
    sci.o(i.IIC10_MasterSend) refers to sci.o(.data) for .data
    sci.o(i.IIC10_StopCondition) refers to sci.o(.data) for .data
    sci.o(i.IIC11_MasterReceive) refers to sci.o(i.IIC11_StartCondition) for IIC11_StartCondition
    sci.o(i.IIC11_MasterReceive) refers to sci.o(i.__NVIC_ClearPendingIRQ) for __NVIC_ClearPendingIRQ
    sci.o(i.IIC11_MasterReceive) refers to sci.o(.data) for .data
    sci.o(i.IIC11_MasterSend) refers to sci.o(i.IIC11_StartCondition) for IIC11_StartCondition
    sci.o(i.IIC11_MasterSend) refers to sci.o(i.__NVIC_ClearPendingIRQ) for __NVIC_ClearPendingIRQ
    sci.o(i.IIC11_MasterSend) refers to sci.o(.data) for .data
    sci.o(i.IIC20_MasterReceive) refers to sci.o(i.IIC20_StartCondition) for IIC20_StartCondition
    sci.o(i.IIC20_MasterReceive) refers to sci.o(i.__NVIC_ClearPendingIRQ) for __NVIC_ClearPendingIRQ
    sci.o(i.IIC20_MasterReceive) refers to sci.o(i.__NVIC_SetPriority) for __NVIC_SetPriority
    sci.o(i.IIC20_MasterReceive) refers to sci.o(.data) for .data
    sci.o(i.IIC20_MasterSend) refers to sci.o(i.IIC20_StartCondition) for IIC20_StartCondition
    sci.o(i.IIC20_MasterSend) refers to sci.o(i.__NVIC_ClearPendingIRQ) for __NVIC_ClearPendingIRQ
    sci.o(i.IIC20_MasterSend) refers to sci.o(i.__NVIC_SetPriority) for __NVIC_SetPriority
    sci.o(i.IIC20_MasterSend) refers to sci.o(.data) for .data
    sci.o(i.IIC20_StopCondition) refers to sci.o(.data) for .data
    sci.o(i.IIC21_MasterReceive) refers to sci.o(i.IIC21_StartCondition) for IIC21_StartCondition
    sci.o(i.IIC21_MasterReceive) refers to sci.o(i.__NVIC_ClearPendingIRQ) for __NVIC_ClearPendingIRQ
    sci.o(i.IIC21_MasterReceive) refers to sci.o(.data) for .data
[...]
    __printf_flags_ss.o(.text) refers to __printf_flags_ss.o(.constdata) for .constdata
    __printf_wp.o(.text) refers to __printf_wp.o(i._is_digit) for _is_digit
    __printf_wp.o(.text) refers to _printf_percent.o(.ARM.Collect$$_printf_percent$$00000000) for _printf_percent
    __printf_flags_wp.o(.text) refers to __printf_wp.o(i._is_digit) for _is_digit
    __printf_flags_wp.o(.text) refers to _printf_percent.o(.ARM.Collect$$_printf_percent$$00000000) for _printf_percent
    __printf_flags_wp.o(.text) refers to __printf_flags_wp.o(.constdata) for .constdata
    __printf_ss_wp.o(.text) refers to __printf_wp.o(i._is_digit) for _is_digit
    __printf_ss_wp.o(.text) refers to _printf_percent.o(.ARM.Collect$$_printf_percent$$00000000) for _printf_percent
    __printf_flags_ss_wp.o(.text) refers to __printf_wp.o(i._is_digit) for _is_digit
    __printf_flags_ss_wp.o(.text) refers to _printf_percent.o(.ARM.Collect$$_printf_percent$$00000000) for _printf_percent
    __printf_flags_ss_wp.o(.text) refers to __printf_flags_ss_wp.o(.constdata) for .constdata
    _printf_x.o(.ARM.Collect$$_printf_percent$$0000000C) refers (Weak) to _printf_hex_int.o(.text) for _printf_int_hex
    _printf_percent.o(.ARM.Collect$$_printf_percent$$00000000) refers (Special) to _printf_percent_end.o(.ARM.Collect$$_printf_percent$$00000017) for _printf_percent_end
    getc.o(.text) refers to retarget.o(i.fgetc) for fgetc
    __main.o(!!!main) refers to __rtentry.o(.ARM.Collect$$rtentry$$00000000) for __rt_entry
    __rtentry.o(.ARM.Collect$$rtentry$$00000000) refers (Special) to __rtentry2.o(.ARM.Collect$$rtentry$$0000000A) for __rt_entry_li
    __rtentry.o(.ARM.Collect$$rtentry$$00000000) refers (Special) to __rtentry2.o(.ARM.Collect$$rtentry$$0000000D) for __rt_entry_main
    __rtentry.o(.ARM.Collect$$rtentry$$00000000) refers (Special) to __rtentry2.o(.ARM.Collect$$rtentry$$0000000C) for __rt_entry_postli_1
    __rtentry.o(.ARM.Collect$$rtentry$$00000000) refers (Special) to __rtentry2.o(.ARM.Collect$$rtentry$$00000009) for __rt_entry_postsh_1
    __rtentry.o(.ARM.Collect$$rtentry$$00000000) refers (Special) to __rtentry2.o(.ARM.Collect$$rtentry$$00000002) for __rt_entry_presh_1
    __rtentry.o(.ARM.Collect$$rtentry$$00000000) refers (Special) to __rtentry4.o(.ARM.Collect$$rtentry$$00000004) for __rt_entry_sh
    aeabi_idiv0_sigfpe.o(.text) refers to rt_div0.o(.text) for __rt_div0
    _printf_char_file.o(.text) refers to _printf_char_common.o(.text) for _printf_char_common
    _printf_char_file.o(.text) refers to retarget.o(i.ferror) for ferror
    _printf_char_file.o(.text) refers to retarget.o(i.fputc) for fputc
    __rtentry2.o(.ARM.Collect$$rtentry$$00000008) refers to boardinit2.o(.text) for _platform_post_stackheap_init
    __rtentry2.o(.ARM.Collect$$rtentry$$0000000A) refers to libinit.o(.ARM.Collect$$libinit$$00000000) for __rt_lib_init
    __rtentry2.o(.ARM.Collect$$rtentry$$0000000B) refers to boardinit3.o(.text) for _platform_post_lib_init
    __rtentry2.o(.ARM.Collect$$rtentry$$0000000D) refers to main.o(i.main) for main
    __rtentry2.o(.ARM.Collect$$rtentry$$0000000D) refers to exit.o(.text) for exit
    __rtentry2.o(.ARM.exidx) refers to __rtentry2.o(.ARM.Collect$$rtentry$$00000001) for .ARM.Collect$$rtentry$$00000001
    __rtentry2.o(.ARM.exidx) refers to __rtentry2.o(.ARM.Collect$$rtentry$$00000008) for .ARM.Collect$$rtentry$$00000008
    __rtentry2.o(.ARM.exidx) refers to __rtentry2.o(.ARM.Collect$$rtentry$$0000000A) for .ARM.Collect$$rtentry$$0000000A
    __rtentry2.o(.ARM.exidx) refers to __rtentry2.o(.ARM.Collect$$rtentry$$0000000B) for .ARM.Collect$$rtentry$$0000000B
    __rtentry2.o(.ARM.exidx) refers to __rtentry2.o(.ARM.Collect$$rtentry$$0000000D) for .ARM.Collect$$rtentry$$0000000D
    __rtentry4.o(.ARM.Collect$$rtentry$$00000004) refers to sys_stackheap_outer.o(.text) for __user_setup_stackheap
    __rtentry4.o(.ARM.exidx) refers to __rtentry4.o(.ARM.Collect$$rtentry$$00000004) for .ARM.Collect$$rtentry$$00000004
    rt_div0.o(.text) refers to defsig_fpe_outer.o(.text) for __rt_SIGFPE
    _printf_char_common.o(.text) refers to __printf_wp.o(.text) for __printf
    sys_stackheap_outer.o(.text) refers to libspace.o(.text) for __user_perproc_libspace
    sys_stackheap_outer.o(.text) refers to startup_cms32l051.o(.text) for __user_initial_stackheap
    sys_stackheap_outer.o(__vectab_stack_and_reset_area) refers to tempstk.o(.text) for __temporary_stack_top
    sys_stackheap_outer.o(__vectab_stack_and_reset_area) refers to __main.o(!!!main) for __main
    exit.o(.text) refers to rtexit.o(.ARM.Collect$$rtexit$$00000000) for __rt_exit
    defsig_fpe_outer.o(.text) refers to defsig_fpe_inner.o(.text) for __rt_SIGFPE_inner
    defsig_fpe_outer.o(.text) refers to defsig_exit.o(.text) for __sig_exit
    defsig_fpe_formal.o(.text) refers to rt_raise.o(.text) for __rt_raise
    libinit.o(.ARM.Collect$$libinit$$00000000) refers (Special) to libinit2.o(.ARM.Collect$$libinit$$0000002E) for __rt_lib_init_alloca_1
    libinit.o(.ARM.Collect$$libinit$$00000000) refers (Special) to libinit2.o(.ARM.Collect$$libinit$$0000002C) for __rt_lib_init_argv_1
    libinit.o(.ARM.Collect$$libinit$$00000000) refers (Special) to libinit2.o(.ARM.Collect$$libinit$$0000001B) for __rt_lib_init_atexit_1
    libinit.o(.ARM.Collect$$libinit$$00000000) refers (Special) to libinit2.o(.ARM.Collect$$libinit$$00000021) for __rt_lib_init_clock_1
    libinit.o(.ARM.Collect$$libinit$$00000000) refers (Special) to libinit2.o(.ARM.Collect$$libinit$$00000032) for __rt_lib_init_cpp_1
    libinit.o(.ARM.Collect$$libinit$$00000000) refers (Special) to libinit2.o(.ARM.Collect$$libinit$$00000030) for __rt_lib_init_exceptions_1
    libinit.o(.ARM.Collect$$libinit$$00000000) refers (Special) to libinit2.o(.ARM.Collect$$libinit$$00000002) for __rt_lib_init_fp_1
    libinit.o(.ARM.Collect$$libinit$$00000000) refers (Special) to libinit2.o(.ARM.Collect$$libinit$$0000001F) for __rt_lib_init_fp_trap_1
    libinit.o(.ARM.Collect$$libinit$$00000000) refers (Special) to libinit2.o(.ARM.Collect$$libinit$$00000023) for __rt_lib_init_getenv_1
    libinit.o(.ARM.Collect$$libinit$$00000000) refers (Special) to libinit2.o(.ARM.Collect$$libinit$$0000000A) for __rt_lib_init_heap_1
    libinit.o(.ARM.Collect$$libinit$$00000000) refers (Special) to libinit2.o(.ARM.Collect$$libinit$$00000011) for __rt_lib_init_lc_collate_1
    libinit.o(.ARM.Collect$$libinit$$00000000) refers (Special) to libinit2.o(.ARM.Collect$$libinit$$00000013) for __rt_lib_init_lc_ctype_1
    libinit.o(.ARM.Collect$$libinit$$00000000) refers (Special) to libinit2.o(.ARM.Collect$$libinit$$00000015) for __rt_lib_init_lc_monetary_1
    libinit.o(.ARM.Collect$$libinit$$00000000) refers (Special) to libinit2.o(.ARM.Collect$$libinit$$00000017) for __rt_lib_init_lc_numeric_1
    libinit.o(.ARM.Collect$$libinit$$00000000) refers (Special) to libinit2.o(.ARM.Collect$$libinit$$00000019) for __rt_lib_init_lc_time_1
    libinit.o(.ARM.Collect$$libinit$$00000000) refers (Special) to libinit2.o(.ARM.Collect$$libinit$$00000004) for __rt_lib_init_preinit_1
    libinit.o(.ARM.Collect$$libinit$$00000000) refers (Special) to libinit2.o(.ARM.Collect$$libinit$$0000000E) for __rt_lib_init_rand_1
    libinit.o(.ARM.Collect$$libinit$$00000000) refers (Special) to libinit2.o(.ARM.Collect$$libinit$$00000033) for __rt_lib_init_return
    libinit.o(.ARM.Collect$$libinit$$00000000) refers (Special) to libinit2.o(.ARM.Collect$$libinit$$0000001D) for __rt_lib_init_signal_1
    libinit.o(.ARM.Collect$$libinit$$00000000) refers (Special) to libinit2.o(.ARM.Collect$$libinit$$00000025) for __rt_lib_init_stdio_1
    libinit.o(.ARM.Collect$$libinit$$00000000) refers (Special) to libinit2.o(.ARM.Collect$$libinit$$0000000C) for __rt_lib_init_user_alloc_1
    libspace.o(.text) refers to libspace.o(.bss) for __libspace_start
    rtexit.o(.ARM.Collect$$rtexit$$00000000) refers (Special) to rtexit2.o(.ARM.Collect$$rtexit$$00000004) for __rt_exit_exit
    rtexit.o(.ARM.Collect$$rtexit$$00000000) refers (Special) to rtexit2.o(.ARM.Collect$$rtexit$$00000003) for __rt_exit_ls
    rtexit.o(.ARM.Collect$$rtexit$$00000000) refers (Special) to rtexit2.o(.ARM.Collect$$rtexit$$00000002) for __rt_exit_prels_1
    rtexit.o(.ARM.exidx) refers (Special) to rtexit2.o(.ARM.Collect$$rtexit$$00000004) for __rt_exit_exit
    rtexit.o(.ARM.exidx) refers (Special) to rtexit2.o(.ARM.Collect$$rtexit$$00000003) for __rt_exit_ls
    rtexit.o(.ARM.exidx) refers (Special) to rtexit2.o(.ARM.Collect$$rtexit$$00000002) for __rt_exit_prels_1
    rtexit.o(.ARM.exidx) refers to rtexit.o(.ARM.Collect$$rtexit$$00000000) for .ARM.Collect$$rtexit$$00000000
    rt_raise.o(.text) refers to __raise.o(.text) for __raise
    rt_raise.o(.text) refers to retarget.o(i._sys_exit) for _sys_exit
    defsig_exit.o(.text) refers to retarget.o(i._sys_exit) for _sys_exit
    defsig_fpe_inner.o(.text) refers to defsig_general.o(.text) for __default_signal_display
    libinit2.o(.ARM.Collect$$libinit$$00000010) refers to libinit2.o(.ARM.Collect$$libinit$$0000000F) for .ARM.Collect$$libinit$$0000000F
    libinit2.o(.ARM.Collect$$libinit$$00000012) refers to libinit2.o(.ARM.Collect$$libinit$$0000000F) for .ARM.Collect$$libinit$$0000000F
    libinit2.o(.ARM.Collect$$libinit$$00000014) refers to libinit2.o(.ARM.Collect$$libinit$$0000000F) for .ARM.Collect$$libinit$$0000000F
    libinit2.o(.ARM.Collect$$libinit$$00000016) refers to libinit2.o(.ARM.Collect$$libinit$$0000000F) for .ARM.Collect$$libinit$$0000000F
    libinit2.o(.ARM.Collect$$libinit$$00000018) refers to libinit2.o(.ARM.Collect$$libinit$$0000000F) for .ARM.Collect$$libinit$$0000000F
    libinit2.o(.ARM.Collect$$libinit$$00000026) refers to argv_veneer.o(.text) for __ARM_argv_veneer
    libinit2.o(.ARM.Collect$$libinit$$00000027) refers to argv_veneer.o(.text) for __ARM_argv_veneer
    rtexit2.o(.ARM.Collect$$rtexit$$00000003) refers to libshutdown.o(.ARM.Collect$$libshutdown$$00000000) for __rt_lib_shutdown
    rtexit2.o(.ARM.Collect$$rtexit$$00000004) refers to retarget.o(i._sys_exit) for _sys_exit
    rtexit2.o(.ARM.exidx) refers to rtexit2.o(.ARM.Collect$$rtexit$$00000001) for .ARM.Collect$$rtexit$$00000001
    rtexit2.o(.ARM.exidx) refers to rtexit2.o(.ARM.Collect$$rtexit$$00000003) for .ARM.Collect$$rtexit$$00000003
    rtexit2.o(.ARM.exidx) refers to rtexit2.o(.ARM.Collect$$rtexit$$00000004) for .ARM.Collect$$rtexit$$00000004
    __raise.o(.text) refers to defsig.o(CL$$defsig) for __default_signal_handler
    defsig_general.o(.text) refers to retarget.o(i._ttywrch) for _ttywrch
    defsig.o(CL$$defsig) refers to defsig_fpe_inner.o(.text) for __rt_SIGFPE_inner
    defsig.o(CL$$defsig) refers to defsig_rtmem_inner.o(.text) for __rt_SIGRTMEM_inner
    _get_argv_nomalloc.o(.text) refers (Special) to hrguard.o(.text) for __heap_region$guard
    _get_argv_nomalloc.o(.text) refers to defsig_rtmem_outer.o(.text) for __rt_SIGRTMEM
    _get_argv_nomalloc.o(.text) refers to sys_command.o(.text) for _sys_command_string
    libshutdown.o(.ARM.Collect$$libshutdown$$00000000) refers (Special) to libshutdown2.o(.ARM.Collect$$libshutdown$$00000004) for __rt_lib_shutdown_cpp_1
    libshutdown.o(.ARM.Collect$$libshutdown$$00000000) refers (Special) to libshutdown2.o(.ARM.Collect$$libshutdown$$00000002) for __rt_lib_shutdown_fini_1
    libshutdown.o(.ARM.Collect$$libshutdown$$00000000) refers (Special) to libshutdown2.o(.ARM.Collect$$libshutdown$$00000009) for __rt_lib_shutdown_fp_trap_1
    libshutdown.o(.ARM.Collect$$libshutdown$$00000000) refers (Special) to libshutdown2.o(.ARM.Collect$$libshutdown$$00000011) for __rt_lib_shutdown_heap_1
    libshutdown.o(.ARM.Collect$$libshutdown$$00000000) refers (Special) to libshutdown2.o(.ARM.Collect$$libshutdown$$00000012) for __rt_lib_shutdown_return
    libshutdown.o(.ARM.Collect$$libshutdown$$00000000) refers (Special) to libshutdown2.o(.ARM.Collect$$libshutdown$$0000000C) for __rt_lib_shutdown_signal_1
    libshutdown.o(.ARM.Collect$$libshutdown$$00000000) refers (Special) to libshutdown2.o(.ARM.Collect$$libshutdown$$00000006) for __rt_lib_shutdown_stdio_1
    libshutdown.o(.ARM.Collect$$libshutdown$$00000000) refers (Special) to libshutdown2.o(.ARM.Collect$$libshutdown$$0000000E) for __rt_lib_shutdown_user_alloc_1
    sys_command.o(.text) refers (Special) to use_no_semi.o(.text) for __I$use$semihosting
    sys_command.o(.text) refers (Special) to indicate_semi.o(.text) for __semihosting_library_function
    defsig_abrt_inner.o(.text) refers to defsig_general.o(.text) for __default_signal_display
    defsig_rtred_inner.o(.text) refers to defsig_general.o(.text) for __default_signal_display
    defsig_rtmem_inner.o(.text) refers to defsig_general.o(.text) for __default_signal_display
    defsig_rtmem_outer.o(.text) refers to defsig_rtmem_inner.o(.text) for __rt_SIGRTMEM_inner
    defsig_rtmem_outer.o(.text) refers to defsig_exit.o(.text) for __sig_exit
    defsig_rtmem_formal.o(.text) refers to rt_raise.o(.text) for __rt_raise
    defsig_stak_inner.o(.text) refers to defsig_general.o(.text) for __default_signal_display
    defsig_pvfn_inner.o(.text) refers to defsig_general.o(.text) for __default_signal_display
    defsig_cppl_inner.o(.text) refers to defsig_general.o(.text) for __default_signal_display
    defsig_segv_inner.o(.text) refers to defsig_general.o(.text) for __default_signal_display
    defsig_other.o(.text) refers to defsig_general.o(.text) for __default_signal_display


==============================================================================

Removing Unused input sections from the image.

    Removing main.o(.rev16_text), (4 bytes).
    Removing main.o(.revsh_text), (4 bytes).
    Removing sci.o(.rev16_text), (4 bytes).
    Removing sci.o(.revsh_text), (4 bytes).
    Removing sci.o(i.IIC00_Init), (156 bytes).
    Removing sci.o(i.IIC00_MasterReceive), (96 bytes).
    Removing sci.o(i.IIC00_MasterSend), (92 bytes).
    Removing sci.o(i.IIC00_StartCondition), (68 bytes).
    Removing sci.o(i.IIC00_Stop), (36 bytes).
    Removing sci.o(i.IIC00_StopCondition), (76 bytes).
    Removing sci.o(i.IIC01_Init), (168 bytes).
    Removing sci.o(i.IIC01_MasterReceive), (88 bytes).
    Removing sci.o(i.IIC01_MasterSend), (84 bytes).
    Removing sci.o(i.IIC01_StartCondition), (68 bytes).
    Removing sci.o(i.IIC01_Stop), (36 bytes).
    Removing sci.o(i.IIC01_StopCondition), (68 bytes).
    Removing sci.o(i.IIC10_Init), (164 bytes).
    Removing sci.o(i.IIC10_MasterReceive), (100 bytes).
    Removing sci.o(i.IIC10_MasterSend), (96 bytes).
    Removing sci.o(i.IIC10_StartCondition), (68 bytes).
    Removing sci.o(i.IIC10_Stop), (36 bytes).
    Removing sci.o(i.IIC10_StopCondition), (76 bytes).
    Removing sci.o(i.IIC11_Init), (164 bytes).
    Removing sci.o(i.IIC11_MasterReceive), (92 bytes).
    Removing sci.o(i.IIC11_MasterSend), (88 bytes).
    Removing sci.o(i.IIC11_StartCondition), (68 bytes).
    Removing sci.o(i.IIC11_Stop), (36 bytes).
    Removing sci.o(i.IIC11_StopCondition), (68 bytes).
    Removing sci.o(i.IIC20_Init), (164 bytes).
    Removing sci.o(i.IIC20_MasterReceive), (104 bytes).
    Removing sci.o(i.IIC20_MasterSend), (100 bytes).
    Removing sci.o(i.IIC20_StartCondition), (68 bytes).
    Removing sci.o(i.IIC21_Init), (164 bytes).
    Removing sci.o(i.IIC21_MasterReceive), (96 bytes).
    Removing sci.o(i.IIC21_MasterSend), (92 bytes).
    Removing sci.o(i.IIC21_StartCondition), (68 bytes).
    Removing sci.o(i.SPI00_MasterInit), (276 bytes).
    Removing sci.o(i.SPI00_MasterReceive), (152 bytes).
    Removing sci.o(i.SPI00_MasterSend), (144 bytes).
    Removing sci.o(i.SPI00_MasterSendReceive), (164 bytes).
    Removing sci.o(i.SPI00_SlaveInit), (220 bytes).
    Removing sci.o(i.SPI00_SlaveReceive), (128 bytes).
    Removing sci.o(i.SPI00_SlaveSend), (144 bytes).
    Removing sci.o(i.SPI00_Start), (60 bytes).
    Removing sci.o(i.SPI00_Stop), (52 bytes).
    Removing sci.o(i.SPI01_MasterInit), (260 bytes).
    Removing sci.o(i.SPI01_MasterReceive), (68 bytes).
    Removing sci.o(i.SPI01_MasterSend), (80 bytes).
    Removing sci.o(i.SPI01_SlaveInit), (188 bytes).
    Removing sci.o(i.SPI01_SlaveReceive), (68 bytes).
    Removing sci.o(i.SPI01_SlaveSend), (80 bytes).
    Removing sci.o(i.SPI01_SlaveSendReceive), (76 bytes).
    Removing sci.o(i.SPI01_Start), (60 bytes).
    Removing sci.o(i.SPI01_Stop), (60 bytes).
    Removing sci.o(i.SPI10_MasterInit), (280 bytes).
    Removing sci.o(i.SPI10_MasterReceive), (72 bytes).
    Removing sci.o(i.SPI10_MasterSend), (84 bytes).
    Removing sci.o(i.SPI10_MasterSendReceive), (80 bytes).
    Removing sci.o(i.SPI10_SlaveInit), (188 bytes).
    Removing sci.o(i.SPI10_SlaveReceive), (72 bytes).
    Removing sci.o(i.SPI10_SlaveSend), (84 bytes).
    Removing sci.o(i.SPI10_Start), (56 bytes).
    Removing sci.o(i.SPI10_Stop), (60 bytes).
    Removing sci.o(i.SPI11_MasterInit), (272 bytes).
    Removing sci.o(i.SPI11_MasterReceive), (160 bytes).
    Removing sci.o(i.SPI11_MasterSend), (148 bytes).
    Removing sci.o(i.SPI11_SlaveInit), (184 bytes).
    Removing sci.o(i.SPI11_SlaveReceive), (132 bytes).
    Removing sci.o(i.SPI11_SlaveSend), (148 bytes).
    Removing sci.o(i.SPI11_SlaveSendReceive), (164 bytes).
    Removing sci.o(i.SPI11_Start), (60 bytes).
    Removing sci.o(i.SPI20_MasterInit), (260 bytes).
    Removing sci.o(i.SPI20_MasterReceive), (68 bytes).
    Removing sci.o(i.SPI20_MasterSend), (64 bytes).
    Removing sci.o(i.SPI20_SlaveInit), (192 bytes).
    Removing sci.o(i.SPI20_SlaveReceive), (72 bytes).
    Removing sci.o(i.SPI20_SlaveSend), (84 bytes).
    Removing sci.o(i.SPI20_Start), (52 bytes).
    Removing sci.o(i.SPI20_Stop), (52 bytes).
    Removing sci.o(i.SPI21_MasterInit), (248 bytes).
    Removing sci.o(i.SPI21_MasterReceive), (72 bytes).
    Removing sci.o(i.SPI21_MasterSend), (80 bytes).
    Removing sci.o(i.SPI21_MasterSendReceive), (76 bytes).
    Removing sci.o(i.SPI21_SlaveInit), (184 bytes).
    Removing sci.o(i.SPI21_SlaveReceive), (72 bytes).
    Removing sci.o(i.SPI21_SlaveSend), (84 bytes).
    Removing sci.o(i.SPI21_Start), (52 bytes).
    Removing sci.o(i.SPI21_Stop), (52 bytes).
    Removing sci.o(i.UART1_BaudRate), (52 bytes).
    Removing sci.o(i.UART1_Init), (232 bytes).
    Removing sci.o(i.UART1_Receive), (36 bytes).
    Removing sci.o(i.UART1_Send), (48 bytes).
    Removing sci.o(i.UART1_Start), (68 bytes).
    Removing sci.o(i.UART1_Stop), (48 bytes).
    Removing sci.o(i.UART2_BaudRate), (52 bytes).
    Removing sci.o(i.UART2_Init), (248 bytes).
    Removing sci.o(i.UART2_Receive), (36 bytes).
    Removing sci.o(i.UART2_Send), (52 bytes).
    Removing sci.o(i.UART2_Start), (76 bytes).
    Removing sci.o(i.UART2_Stop), (56 bytes).
    Removing sci.o(i.__NVIC_SetPriority), (68 bytes).
    Removing sci.o(.data), (2 bytes).
    Removing sci.o(.data), (2 bytes).
    Removing sci.o(.data), (2 bytes).
    Removing sci.o(.data), (2 bytes).
    Removing sci.o(.data), (2 bytes).
    Removing sci.o(.data), (2 bytes).
    Removing sci.o(.data), (2 bytes).
    Removing sci.o(.data), (2 bytes).
    Removing sci.o(.data), (2 bytes).
    Removing sci.o(.data), (2 bytes).
    Removing sci.o(.data), (2 bytes).
    Removing sci.o(.data), (2 bytes).
    Removing sci_user.o(.rev16_text), (4 bytes).
    Removing sci_user.o(.revsh_text), (4 bytes).
    Removing sci_user.o(i.spi00_callback_error), (2 bytes).
    Removing sci_user.o(i.spi00_callback_receiveend), (12 bytes).
    Removing sci_user.o(i.spi00_callback_sendend), (12 bytes).
    Removing sci_user.o(i.spi00_interrupt), (220 bytes).
    Removing sci_user.o(i.spi01_callback_error), (2 bytes).
    Removing sci_user.o(i.spi01_callback_receiveend), (20 bytes).
    Removing sci_user.o(i.spi01_callback_sendend), (20 bytes).
    Removing sci_user.o(i.spi01_interrupt), (220 bytes).
    Removing sci_user.o(i.spi10_callback_error), (2 bytes).
    Removing sci_user.o(i.spi10_callback_receiveend), (12 bytes).
    Removing sci_user.o(i.spi10_callback_sendend), (12 bytes).
    Removing sci_user.o(i.spi10_interrupt), (220 bytes).
    Removing sci_user.o(i.spi20_callback_error), (2 bytes).
    Removing sci_user.o(i.spi20_callback_receiveend), (12 bytes).
    Removing sci_user.o(i.spi20_callback_sendend), (12 bytes).
    Removing sci_user.o(i.spi20_interrupt), (220 bytes).
    Removing sci_user.o(i.spi21_callback_error), (2 bytes).
    Removing sci_user.o(i.spi21_callback_receiveend), (12 bytes).
    Removing sci_user.o(i.spi21_callback_sendend), (12 bytes).
    Removing sci_user.o(i.spi21_interrupt), (220 bytes).
    Removing sci_user.o(i.uart1_callback_error), (2 bytes).
    Removing sci_user.o(i.uart1_callback_receiveend), (2 bytes).
    Removing sci_user.o(i.uart1_callback_sendend), (2 bytes).
    Removing sci_user.o(i.uart1_callback_softwareoverrun), (2 bytes).
    Removing sci_user.o(i.uart1_interrupt_receive), (124 bytes).
    Removing sci_user.o(i.uart1_interrupt_send), (60 bytes).
    Removing sci_user.o(.data), (1 bytes).
    Removing sci_user.o(.data), (1 bytes).
    Removing sci_user.o(.data), (1 bytes).
    Removing sci_user.o(.data), (1 bytes).
    Removing sci_user.o(.data), (1 bytes).
    Removing sci_user.o(.data), (1 bytes).
    Removing sci_user.o(.data), (1 bytes).
    Removing sci_user.o(.data), (1 bytes).
    Removing retarget.o(.rev16_text), (4 bytes).
    Removing retarget.o(.revsh_text), (4 bytes).
    Removing retarget.o(i._ttywrch), (10 bytes).
    Removing system_cms32l051.o(.rev16_text), (4 bytes).
    Removing system_cms32l051.o(.revsh_text), (4 bytes).

154 unused section(s) (total 11828 bytes) removed from the image.

==============================================================================

Image Symbol Table

    Local Symbols

    Symbol Name                              Value     Ov Type        Size  Object(Section)

    RESET                                    0x00000000   Section      192  startup_cms32l051.o(RESET)
    ../clib/angel/boardlib.s                 0x00000000   Number         0  boardinit1.o ABSOLUTE
    ../clib/angel/boardlib.s                 0x00000000   Number         0  boardinit2.o ABSOLUTE
    ../clib/angel/boardlib.s                 0x00000000   Number         0  boardinit3.o ABSOLUTE
    ../clib/angel/boardlib.s                 0x00000000   Number         0  boardshut.o ABSOLUTE
    ../clib/angel/handlers.s                 0x00000000   Number         0  __scatter_copy.o ABSOLUTE
    ../clib/angel/handlers.s                 0x00000000   Number         0  __scatter_zi.o ABSOLUTE
    ../clib/angel/kernel.s                   0x00000000   Number         0  rtexit.o ABSOLUTE
    ../clib/angel/kernel.s                   0x00000000   Number         0  __rtentry.o ABSOLUTE
    ../clib/angel/kernel.s                   0x00000000   Number         0  rtexit2.o ABSOLUTE
    ../clib/angel/kernel.s                   0x00000000   Number         0  __rtentry4.o ABSOLUTE
    ../clib/angel/kernel.s                   0x00000000   Number         0  __rtentry2.o ABSOLUTE
    ../clib/angel/rt.s                       0x00000000   Number         0  rt_raise.o ABSOLUTE
    ../clib/angel/rt.s                       0x00000000   Number         0  aeabi_idiv0.o ABSOLUTE
    ../clib/angel/rt.s                       0x00000000   Number         0  aeabi_idiv0_sigfpe.o ABSOLUTE
    ../clib/angel/rt.s                       0x00000000   Number         0  rt_div0.o ABSOLUTE
    ../clib/angel/scatterp.s                 0x00000000   Number         0  __scatter.o ABSOLUTE
    ../clib/angel/startup.s                  0x00000000   Number         0  __main.o ABSOLUTE
    ../clib/angel/sys.s                      0x00000000   Number         0  tempstk.o ABSOLUTE
    ../clib/angel/sys.s                      0x00000000   Number         0  libspace.o ABSOLUTE
    ../clib/angel/sys.s                      0x00000000   Number         0  sys_stackheap_outer.o ABSOLUTE
    ../clib/angel/sys.s                      0x00000000   Number         0  use_no_semi.o ABSOLUTE
    ../clib/angel/sys.s                      0x00000000   Number         0  indicate_semi.o ABSOLUTE
    ../clib/angel/sysapp.c                   0x00000000   Number         0  sys_command.o ABSOLUTE
    ../clib/armsys.c                         0x00000000   Number         0  _get_argv_nomalloc.o ABSOLUTE
    ../clib/armsys.c                         0x00000000   Number         0  no_argv.o ABSOLUTE
    ../clib/armsys.c                         0x00000000   Number         0  argv_veneer.o ABSOLUTE
    ../clib/division.s                       0x00000000   Number         0  aeabi_sdiv.o ABSOLUTE
    ../clib/division.s                       0x00000000   Number         0  aeabi_sdiv_div0.o ABSOLUTE
    ../clib/heapalloc.c                      0x00000000   Number         0  hrguard.o ABSOLUTE
    ../clib/heapaux.c                        0x00000000   Number         0  heapauxi.o ABSOLUTE
    ../clib/libinit.s                        0x00000000   Number         0  libinit2.o ABSOLUTE
    ../clib/libinit.s                        0x00000000   Number         0  libshutdown.o ABSOLUTE
    ../clib/libinit.s                        0x00000000   Number         0  libinit.o ABSOLUTE
    ../clib/libinit.s                        0x00000000   Number         0  libshutdown2.o ABSOLUTE
    ../clib/misc.s                           0x00000000   Number         0  printf_stubs.o ABSOLUTE
    ../clib/printf.c                         0x00000000   Number         0  _printf_hex_ll.o ABSOLUTE
    ../clib/printf.c                         0x00000000   Number         0  __printf.o ABSOLUTE
    ../clib/printf.c                         0x00000000   Number         0  _printf_hex_int_ll_ptr.o ABSOLUTE
    ../clib/printf.c                         0x00000000   Number         0  noretval__2printf.o ABSOLUTE
    ../clib/printf.c                         0x00000000   Number         0  __2printf.o ABSOLUTE
    ../clib/printf.c                         0x00000000   Number         0  _printf_hex_ll_ptr.o ABSOLUTE
    ../clib/printf.c                         0x00000000   Number         0  _printf_char_file.o ABSOLUTE
    ../clib/printf.c                         0x00000000   Number         0  __printf_nopercent.o ABSOLUTE
    ../clib/printf.c                         0x00000000   Number         0  _printf_char_common.o ABSOLUTE
    ../clib/printf.c                         0x00000000   Number         0  _printf_intcommon.o ABSOLUTE
    ../clib/printf.c                         0x00000000   Number         0  _printf_hex_int.o ABSOLUTE
    ../clib/printf.c                         0x00000000   Number         0  __printf_flags_ss_wp.o ABSOLUTE
    ../clib/printf.c                         0x00000000   Number         0  __printf_ss_wp.o ABSOLUTE
    ../clib/printf.c                         0x00000000   Number         0  _printf_hex_int_ll.o ABSOLUTE
    ../clib/printf.c                         0x00000000   Number         0  _printf_hex_ptr.o ABSOLUTE
    ../clib/printf.c                         0x00000000   Number         0  _printf_hex_int_ptr.o ABSOLUTE
    ../clib/printf.c                         0x00000000   Number         0  __printf_flags.o ABSOLUTE
    ../clib/printf.c                         0x00000000   Number         0  __printf_ss.o ABSOLUTE
    ../clib/printf.c                         0x00000000   Number         0  __printf_flags_ss.o ABSOLUTE
    ../clib/printf.c                         0x00000000   Number         0  __printf_wp.o ABSOLUTE
    ../clib/printf.c                         0x00000000   Number         0  __printf_flags_wp.o ABSOLUTE
    ../clib/printf_percent.s                 0x00000000   Number         0  _printf_percent.o ABSOLUTE
    ../clib/printf_percent.s                 0x00000000   Number         0  _printf_x.o ABSOLUTE
    ../clib/printf_percent.s                 0x00000000   Number         0  _printf_percent_end.o ABSOLUTE
    ../clib/signal.c                         0x00000000   Number         0  defsig_exit.o ABSOLUTE
    ../clib/signal.c                         0x00000000   Number         0  defsig_abrt_inner.o ABSOLUTE
    ../clib/signal.c                         0x00000000   Number         0  defsig_rtred_inner.o ABSOLUTE
    ../clib/signal.c                         0x00000000   Number         0  defsig_fpe_formal.o ABSOLUTE
    ../clib/signal.c                         0x00000000   Number         0  defsig_rtmem_outer.o ABSOLUTE
    ../clib/signal.c                         0x00000000   Number         0  defsig_fpe_outer.o ABSOLUTE
    ../clib/signal.c                         0x00000000   Number         0  defsig_rtmem_formal.o ABSOLUTE
    ../clib/signal.c                         0x00000000   Number         0  defsig_stak_inner.o ABSOLUTE
    ../clib/signal.c                         0x00000000   Number         0  defsig_pvfn_inner.o ABSOLUTE
    ../clib/signal.c                         0x00000000   Number         0  defsig_cppl_inner.o ABSOLUTE
    ../clib/signal.c                         0x00000000   Number         0  __raise.o ABSOLUTE
    ../clib/signal.c                         0x00000000   Number         0  defsig_general.o ABSOLUTE
    ../clib/signal.c                         0x00000000   Number         0  defsig_rtmem_inner.o ABSOLUTE
    ../clib/signal.c                         0x00000000   Number         0  defsig_segv_inner.o ABSOLUTE
    ../clib/signal.c                         0x00000000   Number         0  defsig_other.o ABSOLUTE
    ../clib/signal.c                         0x00000000   Number         0  defsig_fpe_inner.o ABSOLUTE
    ../clib/signal.s                         0x00000000   Number         0  defsig.o ABSOLUTE
    ../clib/stdio.c                          0x00000000   Number         0  getc.o ABSOLUTE
    ../clib/stdlib.c                         0x00000000   Number         0  exit.o ABSOLUTE
    ../fplib/cfplib/fpinit.c                 0x00000000   Number         0  fpinit.o ABSOLUTE
    ..\..\..\Driver\src\retarget.c           0x00000000   Number         0  retarget.o ABSOLUTE
    ..\..\..\Driver\src\sci.c                0x00000000   Number         0  sci.o ABSOLUTE
    ..\..\..\Driver\src\sci_user.c           0x00000000   Number         0  sci_user.o ABSOLUTE
    ..\\..\\..\\Driver\\src\\retarget.c      0x00000000   Number         0  retarget.o ABSOLUTE
    ..\\..\\..\\Driver\\src\\sci.c           0x00000000   Number         0  sci.o ABSOLUTE
    ..\\..\\..\\Driver\\src\\sci_user.c      0x00000000   Number         0  sci_user.o ABSOLUTE
    ..\\main.c                               0x00000000   Number         0  main.o ABSOLUTE
    ..\main.c                                0x00000000   Number         0  main.o ABSOLUTE
    RTE/Device/CMS32L051LQ48/startup_CMS32L051.s 0x00000000   Number         0  startup_cms32l051.o ABSOLUTE
    RTE/Device/CMS32L051LQ48/system_CMS32L051.c 0x00000000   Number         0  system_cms32l051.o ABSOLUTE
    RTE\Device\CMS32L051LQ48\system_CMS32L051.c 0x00000000   Number         0  system_cms32l051.o ABSOLUTE
    dc.s                                     0x00000000   Number         0  dc.o ABSOLUTE
    .ARM.__AT_0x000000C0                     0x000000c0   Section        4  system_cms32l051.o(.ARM.__AT_0x000000C0)
    __tagsym$$used                           0x000000c0   Number         0  system_cms32l051.o(.ARM.__AT_0x000000C0)
    !!!main                                  0x000000c4   Section        8  __main.o(!!!main)
    !!!scatter                               0x000000cc   Section       60  __scatter.o(!!!scatter)
    !!handler_copy                           0x00000108   Section       26  __scatter_copy.o(!!handler_copy)
    !!handler_zi                             0x00000124   Section       28  __scatter_zi.o(!!handler_zi)
    .ARM.Collect$$_printf_percent$$00000000  0x00000140   Section        2  _printf_percent.o(.ARM.Collect$$_printf_percent$$00000000)
    .ARM.Collect$$_printf_percent$$0000000C  0x00000142   Section       10  _printf_x.o(.ARM.Collect$$_printf_percent$$0000000C)
    .ARM.Collect$$_printf_percent$$00000017  0x0000014c   Section        4  _printf_percent_end.o(.ARM.Collect$$_printf_percent$$00000017)
    .ARM.Collect$$libinit$$00000000          0x00000150   Section        2  libinit.o(.ARM.Collect$$libinit$$00000000)
    .ARM.Collect$$libinit$$00000002          0x00000152   Section        0  libinit2.o(.ARM.Collect$$libinit$$00000002)
    .ARM.Collect$$libinit$$00000004          0x00000152   Section        0  libinit2.o(.ARM.Collect$$libinit$$00000004)
    .ARM.Collect$$libinit$$0000000A          0x00000152   Section        0  libinit2.o(.ARM.Collect$$libinit$$0000000A)
    .ARM.Collect$$libinit$$0000000C          0x00000152   Section        0  libinit2.o(.ARM.Collect$$libinit$$0000000C)
    .ARM.Collect$$libinit$$0000000E          0x00000152   Section        0  libinit2.o(.ARM.Collect$$libinit$$0000000E)
    .ARM.Collect$$libinit$$00000011          0x00000152   Section        0  libinit2.o(.ARM.Collect$$libinit$$00000011)
    .ARM.Collect$$libinit$$00000013          0x00000152   Section        0  libinit2.o(.ARM.Collect$$libinit$$00000013)
    .ARM.Collect$$libinit$$00000015          0x00000152   Section        0  libinit2.o(.ARM.Collect$$libinit$$00000015)
    .ARM.Collect$$libinit$$00000017          0x00000152   Section        0  libinit2.o(.ARM.Collect$$libinit$$00000017)
    .ARM.Collect$$libinit$$00000019          0x00000152   Section        0  libinit2.o(.ARM.Collect$$libinit$$00000019)
    .ARM.Collect$$libinit$$0000001B          0x00000152   Section        0  libinit2.o(.ARM.Collect$$libinit$$0000001B)
    .ARM.Collect$$libinit$$0000001D          0x00000152   Section        0  libinit2.o(.ARM.Collect$$libinit$$0000001D)
    .ARM.Collect$$libinit$$0000001F          0x00000152   Section        0  libinit2.o(.ARM.Collect$$libinit$$0000001F)
    .ARM.Collect$$libinit$$00000021          0x00000152   Section        0  libinit2.o(.ARM.Collect$$libinit$$00000021)
    .ARM.Collect$$libinit$$00000023          0x00000152   Section        0  libinit2.o(.ARM.Collect$$libinit$$00000023)
    .ARM.Collect$$libinit$$00000025          0x00000152   Section        0  libinit2.o(.ARM.Collect$$libinit$$00000025)
    .ARM.Collect$$libinit$$0000002C          0x00000152   Section        0  libinit2.o(.ARM.Collect$$libinit$$0000002C)
    .ARM.Collect$$libinit$$0000002E          0x00000152   Section        0  libinit2.o(.ARM.Collect$$libinit$$0000002E)
    .ARM.Collect$$libinit$$00000030          0x00000152   Section        0  libinit2.o(.ARM.Collect$$libinit$$00000030)
    .ARM.Collect$$libinit$$00000032          0x00000152   Section        0  libinit2.o(.ARM.Collect$$libinit$$00000032)
    .ARM.Collect$$libinit$$00000033          0x00000152   Section        2  libinit2.o(.ARM.Collect$$libinit$$00000033)
    .ARM.Collect$$libshutdown$$00000000      0x00000154   Section        2  libshutdown.o(.ARM.Collect$$libshutdown$$00000000)
    .ARM.Collect$$libshutdown$$00000002      0x00000156   Section        0  libshutdown2.o(.ARM.Collect$$libshutdown$$00000002)
    .ARM.Collect$$libshutdown$$00000004      0x00000156   Section        0  libshutdown2.o(.ARM.Collect$$libshutdown$$00000004)
    .ARM.Collect$$libshutdown$$00000006      0x00000156   Section        0  libshutdown2.o(.ARM.Collect$$libshutdown$$00000006)
    .ARM.Collect$$libshutdown$$00000009      0x00000156   Section        0  libshutdown2.o(.ARM.Collect$$libshutdown$$00000009)
    .ARM.Collect$$libshutdown$$0000000C      0x00000156   Section        0  libshutdown2.o(.ARM.Collect$$libshutdown$$0000000C)
    .ARM.Collect$$libshutdown$$0000000E      0x00000156   Section        0  libshutdown2.o(.ARM.Collect$$libshutdown$$0000000E)
    .ARM.Collect$$libshutdown$$00000011      0x00000156   Section        0  libshutdown2.o(.ARM.Collect$$libshutdown$$00000011)
    .ARM.Collect$$libshutdown$$00000012      0x00000156   Section        2  libshutdown2.o(.ARM.Collect$$libshutdown$$00000012)
    .ARM.Collect$$rtentry$$00000000          0x00000158   Section        0  __rtentry.o(.ARM.Collect$$rtentry$$00000000)
    .ARM.Collect$$rtentry$$00000002          0x00000158   Section        0  __rtentry2.o(.ARM.Collect$$rtentry$$00000002)
    .ARM.Collect$$rtentry$$00000004          0x00000158   Section        6  __rtentry4.o(.ARM.Collect$$rtentry$$00000004)
    .ARM.Collect$$rtentry$$00000009          0x0000015e   Section        0  __rtentry2.o(.ARM.Collect$$rtentry$$00000009)
    .ARM.Collect$$rtentry$$0000000A          0x0000015e   Section        4  __rtentry2.o(.ARM.Collect$$rtentry$$0000000A)
    .ARM.Collect$$rtentry$$0000000C          0x00000162   Section        0  __rtentry2.o(.ARM.Collect$$rtentry$$0000000C)
    .ARM.Collect$$rtentry$$0000000D          0x00000162   Section        8  __rtentry2.o(.ARM.Collect$$rtentry$$0000000D)
    .ARM.Collect$$rtexit$$00000000           0x0000016a   Section        2  rtexit.o(.ARM.Collect$$rtexit$$00000000)
    .ARM.Collect$$rtexit$$00000002           0x0000016c   Section        0  rtexit2.o(.ARM.Collect$$rtexit$$00000002)
    .ARM.Collect$$rtexit$$00000003           0x0000016c   Section        4  rtexit2.o(.ARM.Collect$$rtexit$$00000003)
    .ARM.Collect$$rtexit$$00000004           0x00000170   Section        6  rtexit2.o(.ARM.Collect$$rtexit$$00000004)
    .emb_text                                0x00000178   Section       28  main.o(.emb_text)
    .text                                    0x00000194   Section      128  startup_cms32l051.o(.text)
    .text                                    0x00000214   Section        0  noretval__2printf.o(.text)
    .text                                    0x00000230   Section        0  _printf_hex_int.o(.text)
    .text                                    0x00000288   Section        0  __printf_wp.o(.text)
    .text                                    0x00000396   Section        0  getc.o(.text)
    .text                                    0x0000039e   Section      346  aeabi_sdiv.o(.text)
    .text                                    0x000004f8   Section        0  heapauxi.o(.text)
    .text                                    0x000004fe   Section        0  _printf_intcommon.o(.text)
    .text                                    0x000005b0   Section        0  _printf_char_file.o(.text)
    .text                                    0x000005d8   Section        0  _printf_char_common.o(.text)
    _printf_input_char                       0x000005d9   Thumb Code    10  _printf_char_common.o(.text)
    .text                                    0x00000608   Section       62  sys_stackheap_outer.o(.text)
    .text                                    0x00000646   Section        0  exit.o(.text)
    .text                                    0x00000658   Section        8  libspace.o(.text)
    i.CLK_GetHocoFreq                        0x00000660   Section        0  system_cms32l051.o(i.CLK_GetHocoFreq)
    i.IIC20_Stop                             0x000006ec   Section        0  sci.o(i.IIC20_Stop)
    i.IIC20_StopCondition                    0x00000710   Section        0  sci.o(i.IIC20_StopCondition)
    i.IIC21_Stop                             0x0000075c   Section        0  sci.o(i.IIC21_Stop)
    i.IIC21_StopCondition                    0x00000780   Section        0  sci.o(i.IIC21_StopCondition)
    i.IRQ00_Handler                          0x000007c4   Section        0  system_cms32l051.o(i.IRQ00_Handler)
    i.IRQ07_Handler                          0x000007d0   Section        0  sci_user.o(i.IRQ07_Handler)
    iic20_interrupt                          0x000007d1   Thumb Code     0  sci_user.o(i.IRQ07_Handler)
    i.IRQ08_Handler                          0x000008e8   Section        0  sci_user.o(i.IRQ08_Handler)
    iic21_interrupt                          0x000008e9   Thumb Code     0  sci_user.o(i.IRQ08_Handler)
    i.SPI11_Stop                             0x00000a00   Section        0  sci.o(i.SPI11_Stop)
    i.SysTick_Handler                        0x00000a3c   Section        0  main.o(i.SysTick_Handler)
    i.SystemCoreClockUpdate                  0x00000a4c   Section        0  system_cms32l051.o(i.SystemCoreClockUpdate)
    i.SystemInit                             0x00000a5c   Section        0  system_cms32l051.o(i.SystemInit)
    i.UART0_BaudRate                         0x00000ad0   Section        0  sci.o(i.UART0_BaudRate)
    i.UART0_Init                             0x00000b10   Section        0  sci.o(i.UART0_Init)
    i.UART0_Receive                          0x00000bd0   Section        0  sci.o(i.UART0_Receive)
    i.UART0_Send                             0x00000be8   Section        0  sci.o(i.UART0_Send)
    i.UART_BaudRateCal                       0x00000c00   Section        0  sci.o(i.UART_BaudRateCal)
    i.__ARM_common_switch8                   0x00000c68   Section        0  system_cms32l051.o(i.__ARM_common_switch8)
    i.__NVIC_ClearPendingIRQ                 0x00000c84   Section        0  sci.o(i.__NVIC_ClearPendingIRQ)
    __NVIC_ClearPendingIRQ                   0x00000c85   Thumb Code    18  sci.o(i.__NVIC_ClearPendingIRQ)
    i._is_digit                              0x00000c9c   Section        0  __printf_wp.o(i._is_digit)
    i._sys_exit                              0x00000cac   Section        0  retarget.o(i._sys_exit)
    i.delayMS                                0x00000cc8   Section        0  main.o(i.delayMS)
    i.ferror                                 0x00000cd8   Section        0  retarget.o(i.ferror)
    i.fgetc                                  0x00000cde   Section        0  retarget.o(i.fgetc)
    i.fputc                                  0x00000d02   Section        0  retarget.o(i.fputc)
    i.hard_fault_handler_c                   0x00000d1c   Section        0  main.o(i.hard_fault_handler_c)
    __tagsym$$used                           0x00000d1d   Number         0  main.o(i.hard_fault_handler_c)
    i.iic20_callback_master_error            0x00000e2c   Section        0  sci_user.o(i.iic20_callback_master_error)
    iic20_callback_master_error              0x00000e2d   Thumb Code     2  sci_user.o(i.iic20_callback_master_error)
    i.iic20_callback_master_receiveend       0x00000e30   Section        0  sci_user.o(i.iic20_callback_master_receiveend)
    iic20_callback_master_receiveend         0x00000e31   Thumb Code    14  sci_user.o(i.iic20_callback_master_receiveend)
    i.iic20_callback_master_sendend          0x00000e44   Section        0  sci_user.o(i.iic20_callback_master_sendend)
    iic20_callback_master_sendend            0x00000e45   Thumb Code    14  sci_user.o(i.iic20_callback_master_sendend)
    i.iic21_callback_master_error            0x00000e58   Section        0  sci_user.o(i.iic21_callback_master_error)
    iic21_callback_master_error              0x00000e59   Thumb Code     2  sci_user.o(i.iic21_callback_master_error)
    i.iic21_callback_master_receiveend       0x00000e5c   Section        0  sci_user.o(i.iic21_callback_master_receiveend)
    iic21_callback_master_receiveend         0x00000e5d   Thumb Code    14  sci_user.o(i.iic21_callback_master_receiveend)
    i.iic21_callback_master_sendend          0x00000e70   Section        0  sci_user.o(i.iic21_callback_master_sendend)
    iic21_callback_master_sendend            0x00000e71   Thumb Code    14  sci_user.o(i.iic21_callback_master_sendend)
    i.main                                   0x00000e84   Section        0  main.o(i.main)
    i.spi11_callback_error                   0x00000f04   Section        0  sci_user.o(i.spi11_callback_error)
    spi11_callback_error                     0x00000f05   Thumb Code     2  sci_user.o(i.spi11_callback_error)
    i.spi11_callback_receiveend              0x00000f08   Section        0  sci_user.o(i.spi11_callback_receiveend)
    spi11_callback_receiveend                0x00000f09   Thumb Code    14  sci_user.o(i.spi11_callback_receiveend)
    i.spi11_callback_sendend                 0x00000f1c   Section        0  sci_user.o(i.spi11_callback_sendend)
    spi11_callback_sendend                   0x00000f1d   Thumb Code    14  sci_user.o(i.spi11_callback_sendend)
    i.spi11_interrupt                        0x00000f30   Section        0  sci_user.o(i.spi11_interrupt)
    i.uart0_callback_error                   0x0000100c   Section        0  sci_user.o(i.uart0_callback_error)
    uart0_callback_error                     0x0000100d   Thumb Code     2  sci_user.o(i.uart0_callback_error)
    i.uart0_callback_receiveend              0x0000100e   Section        0  sci_user.o(i.uart0_callback_receiveend)
    uart0_callback_receiveend                0x0000100f   Thumb Code     2  sci_user.o(i.uart0_callback_receiveend)
    i.uart0_callback_sendend                 0x00001010   Section        0  sci_user.o(i.uart0_callback_sendend)
    uart0_callback_sendend                   0x00001011   Thumb Code     2  sci_user.o(i.uart0_callback_sendend)
    i.uart0_callback_softwareoverrun         0x00001012   Section        0  sci_user.o(i.uart0_callback_softwareoverrun)
    uart0_callback_softwareoverrun           0x00001013   Thumb Code     2  sci_user.o(i.uart0_callback_softwareoverrun)
    i.uart0_interrupt_receive                0x00001014   Section        0  sci_user.o(i.uart0_interrupt_receive)
    i.uart0_interrupt_send                   0x00001090   Section        0  sci_user.o(i.uart0_interrupt_send)
    .constdata                               0x000010cc   Section       32  sci.o(.constdata)
    .constdata                               0x000010ec   Section       40  _printf_hex_int.o(.constdata)
    uc_hextab                                0x000010ec   Data          20  _printf_hex_int.o(.constdata)
    lc_hextab                                0x00001100   Data          20  _printf_hex_int.o(.constdata)
    .data                                    0x20000000   Section        4  main.o(.data)
    .data                                    0x20000004   Section      204  sci.o(.data)
    dummy_sio00                              0x20000004   Data           1  sci.o(.data)
    dummy_sio00                              0x20000005   Data           1  sci.o(.data)
    dummy_sio01                              0x20000006   Data           1  sci.o(.data)
    dummy_sio01                              0x20000007   Data           1  sci.o(.data)
    dummy_sio10                              0x20000008   Data           1  sci.o(.data)
    dummy_sio10                              0x20000009   Data           1  sci.o(.data)
    dummy_sio11                              0x2000000a   Data           1  sci.o(.data)
    dummy_sio11                              0x2000000b   Data           1  sci.o(.data)
    dummy_sio20                              0x2000000c   Data           1  sci.o(.data)
    dummy_sio20                              0x2000000d   Data           1  sci.o(.data)
    dummy_sio21                              0x2000000e   Data           1  sci.o(.data)
    dummy_sio21                              0x2000000f   Data           1  sci.o(.data)
    .data                                    0x200000d0   Section        4  sci.o(.data)
    .data                                    0x200000d4   Section        2  sci.o(.data)
    .data                                    0x200000d8   Section        4  sci.o(.data)
    .data                                    0x200000dc   Section        2  sci.o(.data)
    .data                                    0x200000de   Section        2  sci.o(.data)
    .data                                    0x200000e0   Section        4  sci_user.o(.data)
    .data                                    0x200000e4   Section        4  retarget.o(.data)
    .data                                    0x200000e8   Section        4  retarget.o(.data)
    .data                                    0x200000ec   Section        4  system_cms32l051.o(.data)
    .bss                                     0x200000f0   Section       96  libspace.o(.bss)
    HEAP                                     0x20000150   Section      256  startup_cms32l051.o(HEAP)
    Heap_Mem                                 0x20000150   Data         256  startup_cms32l051.o(HEAP)
    STACK                                    0x20000250   Section     1024  startup_cms32l051.o(STACK)
    Stack_Mem                                0x20000250   Data        1024  startup_cms32l051.o(STACK)
    __initial_sp                             0x20000650   Data           0  startup_cms32l051.o(STACK)

    Global Symbols

    Symbol Name                              Value     Ov Type        Size  Object(Section)

    BuildAttributes$$THM_ISAv3M$S$PE$A:L22$X:L11$S22$IEEE1$IW$USESV6$~STKCKD$USESV7$~SHL$OSPACE$ROPI$EBA8$UX$STANDARDLIB$REQ8$PRES8$EABIv2 0x00000000   Number         0  anon$$obj.o ABSOLUTE
    __ARM_use_no_argv                        0x00000000   Number         0  main.o ABSOLUTE
    __Vectors                                0x00000000   Data           4  startup_cms32l051.o(RESET)
    _printf_flags                            0x00000000   Number         0  printf_stubs.o ABSOLUTE
    _printf_return_value                     0x00000000   Number         0  printf_stubs.o ABSOLUTE
    _printf_sizespec                         0x00000000   Number         0  printf_stubs.o ABSOLUTE
    _printf_widthprec                        0x00000000   Number         0  printf_stubs.o ABSOLUTE
    __ARM_exceptions_init                     - Undefined Weak Reference
    __alloca_initialize                       - Undefined Weak Reference
    __arm_fini_                               - Undefined Weak Reference
    __arm_preinit_                            - Undefined Weak Reference
    __cpp_initialize__aeabi_                  - Undefined Weak Reference
    __cxa_finalize                            - Undefined Weak Reference
    __rt_locale                               - Undefined Weak Reference
    __sigvec_lookup                           - Undefined Weak Reference
    _atexit_init                              - Undefined Weak Reference
    _call_atexit_fns                          - Undefined Weak Reference
    _clock_init                               - Undefined Weak Reference
    _fp_trap_init                             - Undefined Weak Reference
    _fp_trap_shutdown                         - Undefined Weak Reference
    _get_lc_collate                           - Undefined Weak Reference
    _get_lc_ctype                             - Undefined Weak Reference
    _get_lc_monetary                          - Undefined Weak Reference
    _get_lc_numeric                           - Undefined Weak Reference
    _get_lc_time                              - Undefined Weak Reference
    _getenv_init                              - Undefined Weak Reference
    _handle_redirection                       - Undefined Weak Reference
    _init_alloc                               - Undefined Weak Reference
    _init_user_alloc                          - Undefined Weak Reference
    _initio                                   - Undefined Weak Reference
    _printf_post_padding                      - Undefined Weak Reference
    _printf_pre_padding                       - Undefined Weak Reference
    _printf_truncate_unsigned                 - Undefined Weak Reference
    _rand_init                                - Undefined Weak Reference
    _signal_finish                            - Undefined Weak Reference
    _signal_init                              - Undefined Weak Reference
    _terminate_alloc                          - Undefined Weak Reference
    _terminate_user_alloc                     - Undefined Weak Reference
    _terminateio                              - Undefined Weak Reference
    __Vectors_End                            0x000000c0   Data           0  startup_cms32l051.o(RESET)
    __Vectors_Size                           0x000000c0   Number         0  startup_cms32l051.o ABSOLUTE
    user_opt_data                            0x000000c0   Data           4  system_cms32l051.o(.ARM.__AT_0x000000C0)
    __main                                   0x000000c5   Thumb Code     8  __main.o(!!!main)
    __scatterload                            0x000000cd   Thumb Code     0  __scatter.o(!!!scatter)
    __scatterload_rt2                        0x000000cd   Thumb Code    52  __scatter.o(!!!scatter)
    __scatterload_rt2_thumb_only             0x000000cd   Thumb Code     0  __scatter.o(!!!scatter)
    __scatterload_null                       0x000000dd   Thumb Code     0  __scatter.o(!!!scatter)
    __scatterload_copy                       0x00000109   Thumb Code    26  __scatter_copy.o(!!handler_copy)
    __scatterload_zeroinit                   0x00000125   Thumb Code    28  __scatter_zi.o(!!handler_zi)
    _printf_percent                          0x00000141   Thumb Code     0  _printf_percent.o(.ARM.Collect$$_printf_percent$$00000000)
    _printf_x                                0x00000143   Thumb Code     0  _printf_x.o(.ARM.Collect$$_printf_percent$$0000000C)
    _printf_percent_end                      0x0000014d   Thumb Code     0  _printf_percent_end.o(.ARM.Collect$$_printf_percent$$00000017)
    __rt_lib_init                            0x00000151   Thumb Code     0  libinit.o(.ARM.Collect$$libinit$$00000000)
    __rt_lib_init_alloca_1                   0x00000153   Thumb Code     0  libinit2.o(.ARM.Collect$$libinit$$0000002E)
    __rt_lib_init_argv_1                     0x00000153   Thumb Code     0  libinit2.o(.ARM.Collect$$libinit$$0000002C)
    __rt_lib_init_atexit_1                   0x00000153   Thumb Code     0  libinit2.o(.ARM.Collect$$libinit$$0000001B)
    __rt_lib_init_clock_1                    0x00000153   Thumb Code     0  libinit2.o(.ARM.Collect$$libinit$$00000021)
    __rt_lib_init_cpp_1                      0x00000153   Thumb Code     0  libinit2.o(.ARM.Collect$$libinit$$00000032)
    __rt_lib_init_exceptions_1               0x00000153   Thumb Code     0  libinit2.o(.ARM.Collect$$libinit$$00000030)
    __rt_lib_init_fp_1                       0x00000153   Thumb Code     0  libinit2.o(.ARM.Collect$$libinit$$00000002)
    __rt_lib_init_fp_trap_1                  0x00000153   Thumb Code     0  libinit2.o(.ARM.Collect$$libinit$$0000001F)
    __rt_lib_init_getenv_1                   0x00000153   Thumb Code     0  libinit2.o(.ARM.Collect$$libinit$$00000023)
    __rt_lib_init_heap_1                     0x00000153   Thumb Code     0  libinit2.o(.ARM.Collect$$libinit$$0000000A)
    __rt_lib_init_lc_collate_1               0x00000153   Thumb Code     0  libinit2.o(.ARM.Collect$$libinit$$00000011)
    __rt_lib_init_lc_ctype_1                 0x00000153   Thumb Code     0  libinit2.o(.ARM.Collect$$libinit$$00000013)
    __rt_lib_init_lc_monetary_1              0x00000153   Thumb Code     0  libinit2.o(.ARM.Collect$$libinit$$00000015)
    __rt_lib_init_lc_numeric_1               0x00000153   Thumb Code     0  libinit2.o(.ARM.Collect$$libinit$$00000017)
    __rt_lib_init_lc_time_1                  0x00000153   Thumb Code     0  libinit2.o(.ARM.Collect$$libinit$$00000019)
    __rt_lib_init_preinit_1                  0x00000153   Thumb Code     0  libinit2.o(.ARM.Collect$$libinit$$00000004)
    __rt_lib_init_rand_1                     0x00000153   Thumb Code     0  libinit2.o(.ARM.Collect$$libinit$$0000000E)
    __rt_lib_init_return                     0x00000153   Thumb Code     0  libinit2.o(.ARM.Collect$$libinit$$00000033)
    __rt_lib_init_signal_1                   0x00000153   Thumb Code     0  libinit2.o(.ARM.Collect$$libinit$$0000001D)
    __rt_lib_init_stdio_1                    0x00000153   Thumb Code     0  libinit2.o(.ARM.Collect$$libinit$$00000025)
    __rt_lib_init_user_alloc_1               0x00000153   Thumb Code     0  libinit2.o(.ARM.Collect$$libinit$$0000000C)
    __rt_lib_shutdown                        0x00000155   Thumb Code     0  libshutdown.o(.ARM.Collect$$libshutdown$$00000000)
    __rt_lib_shutdown_cpp_1                  0x00000157   Thumb Code     0  libshutdown2.o(.ARM.Collect$$libshutdown$$00000004)
    __rt_lib_shutdown_fini_1                 0x00000157   Thumb Code     0  libshutdown2.o(.ARM.Collect$$libshutdown$$00000002)
    __rt_lib_shutdown_fp_trap_1              0x00000157   Thumb Code     0  libshutdown2.o(.ARM.Collect$$libshutdown$$00000009)
    __rt_lib_shutdown_heap_1                 0x00000157   Thumb Code     0  libshutdown2.o(.ARM.Collect$$libshutdown$$00000011)
    __rt_lib_shutdown_return                 0x00000157   Thumb Code     0  libshutdown2.o(.ARM.Collect$$libshutdown$$00000012)
    __rt_lib_shutdown_signal_1               0x00000157   Thumb Code     0  libshutdown2.o(.ARM.Collect$$libshutdown$$0000000C)
    __rt_lib_shutdown_stdio_1                0x00000157   Thumb Code     0  libshutdown2.o(.ARM.Collect$$libshutdown$$00000006)
    __rt_lib_shutdown_user_alloc_1           0x00000157   Thumb Code     0  libshutdown2.o(.ARM.Collect$$libshutdown$$0000000E)
    __rt_entry                               0x00000159   Thumb Code     0  __rtentry.o(.ARM.Collect$$rtentry$$00000000)
    __rt_entry_presh_1                       0x00000159   Thumb Code     0  __rtentry2.o(.ARM.Collect$$rtentry$$00000002)
    __rt_entry_sh                            0x00000159   Thumb Code     0  __rtentry4.o(.ARM.Collect$$rtentry$$00000004)
    __rt_entry_li                            0x0000015f   Thumb Code     0  __rtentry2.o(.ARM.Collect$$rtentry$$0000000A)
    __rt_entry_postsh_1                      0x0000015f   Thumb Code     0  __rtentry2.o(.ARM.Collect$$rtentry$$00000009)
    __rt_entry_main                          0x00000163   Thumb Code     0  __rtentry2.o(.ARM.Collect$$rtentry$$0000000D)
    __rt_entry_postli_1                      0x00000163   Thumb Code     0  __rtentry2.o(.ARM.Collect$$rtentry$$0000000C)
    __rt_exit                                0x0000016b   Thumb Code     0  rtexit.o(.ARM.Collect$$rtexit$$00000000)
    __rt_exit_ls                             0x0000016d   Thumb Code     0  rtexit2.o(.ARM.Collect$$rtexit$$00000003)
    __rt_exit_prels_1                        0x0000016d   Thumb Code     0  rtexit2.o(.ARM.Collect$$rtexit$$00000002)
    __rt_exit_exit                           0x00000171   Thumb Code     0  rtexit2.o(.ARM.Collect$$rtexit$$00000004)
    HardFault_Handler                        0x00000179   Thumb Code    24  main.o(.emb_text)
    Reset_Handler                            0x00000195   Thumb Code     8  startup_cms32l051.o(.text)
    NMI_Handler                              0x0000019d   Thumb Code     2  startup_cms32l051.o(.text)
    MemManage_Handler                        0x000001a1   Thumb Code     2  startup_cms32l051.o(.text)
    BusFault_Handler                         0x000001a3   Thumb Code     2  startup_cms32l051.o(.text)
    UsageFault_Handler                       0x000001a5   Thumb Code     2  startup_cms32l051.o(.text)
    SVC_Handler                              0x000001a7   Thumb Code     2  startup_cms32l051.o(.text)
    DebugMon_Handler                         0x000001a9   Thumb Code     2  startup_cms32l051.o(.text)
    PendSV_Handler                           0x000001ab   Thumb Code     2  startup_cms32l051.o(.text)
    IRQ01_Handler                            0x000001b1   Thumb Code     2  startup_cms32l051.o(.text)
    IRQ02_Handler                            0x000001b3   Thumb Code     2  startup_cms32l051.o(.text)
    IRQ03_Handler                            0x000001b5   Thumb Code     2  startup_cms32l051.o(.text)
    IRQ04_Handler                            0x000001b7   Thumb Code     2  startup_cms32l051.o(.text)
    IRQ05_Handler                            0x000001b9   Thumb Code     2  startup_cms32l051.o(.text)
    IRQ06_Handler                            0x000001bb   Thumb Code     2  startup_cms32l051.o(.text)
    IRQ09_Handler                            0x000001c1   Thumb Code     2  startup_cms32l051.o(.text)
    IRQ12_Handler                            0x000001c7   Thumb Code     2  startup_cms32l051.o(.text)
    IRQ13_Handler                            0x000001c9   Thumb Code     2  startup_cms32l051.o(.text)
    IRQ15_Handler                            0x000001cd   Thumb Code     2  startup_cms32l051.o(.text)
    IRQ16_Handler                            0x000001cf   Thumb Code     2  startup_cms32l051.o(.text)
    IRQ17_Handler                            0x000001d1   Thumb Code     2  startup_cms32l051.o(.text)
    IRQ18_Handler                            0x000001d3   Thumb Code     2  startup_cms32l051.o(.text)
    IRQ19_Handler                            0x000001d5   Thumb Code     2  startup_cms32l051.o(.text)
    IRQ20_Handler                            0x000001d7   Thumb Code     2  startup_cms32l051.o(.text)
    IRQ21_Handler                            0x000001d9   Thumb Code     2  startup_cms32l051.o(.text)
    IRQ22_Handler                            0x000001db   Thumb Code     2  startup_cms32l051.o(.text)
    IRQ23_Handler                            0x000001dd   Thumb Code     2  startup_cms32l051.o(.text)
    IRQ24_Handler                            0x000001df   Thumb Code     2  startup_cms32l051.o(.text)
    IRQ25_Handler                            0x000001e1   Thumb Code     2  startup_cms32l051.o(.text)
    IRQ26_Handler                            0x000001e3   Thumb Code     2  startup_cms32l051.o(.text)
    IRQ27_Handler                            0x000001e5   Thumb Code     2  startup_cms32l051.o(.text)
    IRQ28_Handler                            0x000001e7   Thumb Code     2  startup_cms32l051.o(.text)
    IRQ29_Handler                            0x000001e9   Thumb Code     2  startup_cms32l051.o(.text)
    IRQ30_Handler                            0x000001eb   Thumb Code     2  startup_cms32l051.o(.text)
    IRQ31_Handler                            0x000001ed   Thumb Code     2  startup_cms32l051.o(.text)
    __user_initial_stackheap                 0x000001f1   Thumb Code    10  startup_cms32l051.o(.text)
    __2printf                                0x00000215   Thumb Code    22  noretval__2printf.o(.text)
    _printf_int_hex                          0x00000231   Thumb Code    84  _printf_hex_int.o(.text)
    _printf_longlong_hex                     0x00000231   Thumb Code     0  _printf_hex_int.o(.text)
    __printf                                 0x00000289   Thumb Code   270  __printf_wp.o(.text)
    getc                                     0x00000397   Thumb Code     8  getc.o(.text)
    __aeabi_uidiv                            0x0000039f   Thumb Code     0  aeabi_sdiv.o(.text)
    __aeabi_uidivmod                         0x0000039f   Thumb Code    20  aeabi_sdiv.o(.text)
    __aeabi_idiv                             0x000003b3   Thumb Code     0  aeabi_sdiv.o(.text)
    __aeabi_idivmod                          0x000003b3   Thumb Code   326  aeabi_sdiv.o(.text)
    __use_two_region_memory                  0x000004f9   Thumb Code     2  heapauxi.o(.text)
    __rt_heap_escrow$2region                 0x000004fb   Thumb Code     2  heapauxi.o(.text)
    __rt_heap_expand$2region                 0x000004fd   Thumb Code     2  heapauxi.o(.text)
    _printf_int_common                       0x000004ff   Thumb Code   176  _printf_intcommon.o(.text)
    _printf_char_file                        0x000005b1   Thumb Code    34  _printf_char_file.o(.text)
    _printf_char_common                      0x000005e3   Thumb Code    32  _printf_char_common.o(.text)
    __user_setup_stackheap                   0x00000609   Thumb Code    62  sys_stackheap_outer.o(.text)
    exit                                     0x00000647   Thumb Code    16  exit.o(.text)
    __user_libspace                          0x00000659   Thumb Code     8  libspace.o(.text)
    __user_perproc_libspace                  0x00000659   Thumb Code     0  libspace.o(.text)
    __user_perthread_libspace                0x00000659   Thumb Code     0  libspace.o(.text)
    CLK_GetHocoFreq                          0x00000661   Thumb Code    86  system_cms32l051.o(i.CLK_GetHocoFreq)
    IIC20_Stop                               0x000006ed   Thumb Code    22  sci.o(i.IIC20_Stop)
    IIC20_StopCondition                      0x00000711   Thumb Code    68  sci.o(i.IIC20_StopCondition)
    IIC21_Stop                               0x0000075d   Thumb Code    24  sci.o(i.IIC21_Stop)
    IIC21_StopCondition                      0x00000781   Thumb Code    64  sci.o(i.IIC21_StopCondition)
    IRQ00_Handler                            0x000007c5   Thumb Code     8  system_cms32l051.o(i.IRQ00_Handler)
    IRQ07_Handler                            0x000007d1   Thumb Code   242  sci_user.o(i.IRQ07_Handler)
    IRQ08_Handler                            0x000008e9   Thumb Code   242  sci_user.o(i.IRQ08_Handler)
    SPI11_Stop                               0x00000a01   Thumb Code    44  sci.o(i.SPI11_Stop)
    SysTick_Handler                          0x00000a3d   Thumb Code    10  main.o(i.SysTick_Handler)
    SystemCoreClockUpdate                    0x00000a4d   Thumb Code    12  system_cms32l051.o(i.SystemCoreClockUpdate)
    SystemInit                               0x00000a5d   Thumb Code    82  system_cms32l051.o(i.SystemInit)
    UART0_BaudRate                           0x00000ad1   Thumb Code    56  sci.o(i.UART0_BaudRate)
    UART0_Init                               0x00000b11   Thumb Code   160  sci.o(i.UART0_Init)
    UART0_Receive                            0x00000bd1   Thumb Code    14  sci.o(i.UART0_Receive)
    UART0_Send                               0x00000be9   Thumb Code    16  sci.o(i.UART0_Send)
    UART_BaudRateCal                         0x00000c01   Thumb Code    94  sci.o(i.UART_BaudRateCal)
    __ARM_common_switch8                     0x00000c69   Thumb Code    26  system_cms32l051.o(i.__ARM_common_switch8)
    _is_digit                                0x00000c9d   Thumb Code    14  __printf_wp.o(i._is_digit)
    _sys_exit                                0x00000cad   Thumb Code    18  retarget.o(i._sys_exit)
    delayMS                                  0x00000cc9   Thumb Code    12  main.o(i.delayMS)
    ferror                                   0x00000cd9   Thumb Code     6  retarget.o(i.ferror)
    fgetc                                    0x00000cdf   Thumb Code    36  retarget.o(i.fgetc)
    fputc                                    0x00000d03   Thumb Code    24  retarget.o(i.fputc)
    hard_fault_handler_c                     0x00000d1d   Thumb Code   108  main.o(i.hard_fault_handler_c)
    main                                     0x00000e85   Thumb Code    90  main.o(i.main)
    IRQ14_Handler                            0x00000f31   Thumb Code     0  sci_user.o(i.spi11_interrupt)
    spi11_interrupt                          0x00000f31   Thumb Code   190  sci_user.o(i.spi11_interrupt)
    IRQ11_Handler                            0x00001015   Thumb Code     0  sci_user.o(i.uart0_interrupt_receive)
    uart0_interrupt_receive                  0x00001015   Thumb Code   100  sci_user.o(i.uart0_interrupt_receive)
    IRQ10_Handler                            0x00001091   Thumb Code     0  sci_user.o(i.uart0_interrupt_send)
    uart0_interrupt_send                     0x00001091   Thumb Code    44  sci_user.o(i.uart0_interrupt_send)
    sps_tbl                                  0x000010cc   Data          32  sci.o(.constdata)
    Region$$Table$$Base                      0x00001114   Number         0  anon$$obj.o(Region$$Table)
    Region$$Table$$Limit                     0x00001134   Number         0  anon$$obj.o(Region$$Table)
    g_ticks                                  0x20000000   Data           4  main.o(.data)
    g_iic00_master_status_flag               0x20000010   Data           1  sci.o(.data)
    g_iic01_master_status_flag               0x20000011   Data           1  sci.o(.data)
    g_iic10_master_status_flag               0x20000012   Data           1  sci.o(.data)
    g_iic11_master_status_flag               0x20000013   Data           1  sci.o(.data)
    g_iic20_master_status_flag               0x20000014   Data           1  sci.o(.data)
    g_iic21_master_status_flag               0x20000015   Data           1  sci.o(.data)
    g_spi00_rx_count                         0x20000016   Data           2  sci.o(.data)
    g_spi00_tx_count                         0x20000018   Data           2  sci.o(.data)
    g_spi01_rx_count                         0x2000001a   Data           2  sci.o(.data)
    g_spi01_tx_count                         0x2000001c   Data           2  sci.o(.data)
    g_iic00_tx_count                         0x2000001e   Data           2  sci.o(.data)
    g_iic00_rx_count                         0x20000020   Data           2  sci.o(.data)
    g_iic00_rx_length                        0x20000022   Data           2  sci.o(.data)
    g_iic01_tx_count                         0x20000024   Data           2  sci.o(.data)
    g_iic01_rx_count                         0x20000026   Data           2  sci.o(.data)
    g_iic01_rx_length                        0x20000028   Data           2  sci.o(.data)
    g_uart1_tx_count                         0x2000002a   Data           2  sci.o(.data)
    g_uart1_rx_count                         0x2000002c   Data           2  sci.o(.data)
    g_uart1_rx_length                        0x2000002e   Data           2  sci.o(.data)
    g_spi10_rx_count                         0x20000030   Data           2  sci.o(.data)
    g_spi10_tx_count                         0x20000032   Data           2  sci.o(.data)
    g_spi11_rx_count                         0x20000034   Data           2  sci.o(.data)
    g_spi11_tx_count                         0x20000036   Data           2  sci.o(.data)
    g_iic10_tx_count                         0x20000038   Data           2  sci.o(.data)
    g_iic10_rx_count                         0x2000003a   Data           2  sci.o(.data)
    g_iic10_rx_length                        0x2000003c   Data           2  sci.o(.data)
    g_iic11_tx_count                         0x2000003e   Data           2  sci.o(.data)
    g_iic11_rx_count                         0x20000040   Data           2  sci.o(.data)
    g_iic11_rx_length                        0x20000042   Data           2  sci.o(.data)
    g_uart2_tx_count                         0x20000044   Data           2  sci.o(.data)
    g_uart2_rx_count                         0x20000046   Data           2  sci.o(.data)
    g_uart2_rx_length                        0x20000048   Data           2  sci.o(.data)
    g_spi20_rx_count                         0x2000004a   Data           2  sci.o(.data)
    g_spi20_tx_count                         0x2000004c   Data           2  sci.o(.data)
    g_spi21_rx_count                         0x2000004e   Data           2  sci.o(.data)
    g_spi21_tx_count                         0x20000050   Data           2  sci.o(.data)
    g_iic20_tx_count                         0x20000052   Data           2  sci.o(.data)
    g_iic20_rx_count                         0x20000054   Data           2  sci.o(.data)
    g_iic20_rx_length                        0x20000056   Data           2  sci.o(.data)
    g_iic21_tx_count                         0x20000058   Data           2  sci.o(.data)
    g_iic21_rx_count                         0x2000005a   Data           2  sci.o(.data)
    g_iic21_rx_length                        0x2000005c   Data           2  sci.o(.data)
    gp_spi00_rx_address                      0x20000060   Data           4  sci.o(.data)
    gp_spi00_tx_address                      0x20000064   Data           4  sci.o(.data)
    gp_spi01_rx_address                      0x20000068   Data           4  sci.o(.data)
    gp_spi01_tx_address                      0x2000006c   Data           4  sci.o(.data)
    gp_iic00_tx_address                      0x20000070   Data           4  sci.o(.data)
    gp_iic00_rx_address                      0x20000074   Data           4  sci.o(.data)
    gp_iic01_tx_address                      0x20000078   Data           4  sci.o(.data)
    gp_iic01_rx_address                      0x2000007c   Data           4  sci.o(.data)
    gp_uart1_tx_address                      0x20000080   Data           4  sci.o(.data)
    gp_uart1_rx_address                      0x20000084   Data           4  sci.o(.data)
    gp_spi10_rx_address                      0x20000088   Data           4  sci.o(.data)
    gp_spi10_tx_address                      0x2000008c   Data           4  sci.o(.data)
    gp_spi11_rx_address                      0x20000090   Data           4  sci.o(.data)
    gp_spi11_tx_address                      0x20000094   Data           4  sci.o(.data)
    gp_iic10_tx_address                      0x20000098   Data           4  sci.o(.data)
    gp_iic10_rx_address                      0x2000009c   Data           4  sci.o(.data)
    gp_iic11_tx_address                      0x200000a0   Data           4  sci.o(.data)
    gp_iic11_rx_address                      0x200000a4   Data           4  sci.o(.data)
    gp_uart2_tx_address                      0x200000a8   Data           4  sci.o(.data)
    gp_uart2_rx_address                      0x200000ac   Data           4  sci.o(.data)
    gp_spi20_rx_address                      0x200000b0   Data           4  sci.o(.data)
    gp_spi20_tx_address                      0x200000b4   Data           4  sci.o(.data)
    gp_spi21_rx_address                      0x200000b8   Data           4  sci.o(.data)
    gp_spi21_tx_address                      0x200000bc   Data           4  sci.o(.data)
    gp_iic20_tx_address                      0x200000c0   Data           4  sci.o(.data)
    gp_iic20_rx_address                      0x200000c4   Data           4  sci.o(.data)
    gp_iic21_tx_address                      0x200000c8   Data           4  sci.o(.data)
    gp_iic21_rx_address                      0x200000cc   Data           4  sci.o(.data)
    gp_uart0_tx_address                      0x200000d0   Data           4  sci.o(.data)
    g_uart0_tx_count                         0x200000d4   Data           2  sci.o(.data)
    gp_uart0_rx_address                      0x200000d8   Data           4  sci.o(.data)
    g_uart0_rx_count                         0x200000dc   Data           2  sci.o(.data)
    g_uart0_rx_length                        0x200000de   Data           2  sci.o(.data)
    g_iic20_tx_end                           0x200000e0   Data           1  sci_user.o(.data)
    g_iic20_rx_end                           0x200000e1   Data           1  sci_user.o(.data)
    g_iic21_tx_end                           0x200000e2   Data           1  sci_user.o(.data)
    g_iic21_rx_end                           0x200000e3   Data           1  sci_user.o(.data)
    __stdout                                 0x200000e4   Data           4  retarget.o(.data)
    __stdin                                  0x200000e8   Data           4  retarget.o(.data)
    SystemCoreClock                          0x200000ec   Data           4  system_cms32l051.o(.data)
    __libspace_start                         0x200000f0   Data          96  libspace.o(.bss)
    __temporary_stack_top$libspace           0x20000150   Data           0  libspace.o(.bss)



==============================================================================

Memory Map of the image

  Image Entry point : 0x000000c5

  Load Region LR_IROM1 (Base: 0x00000000, Size: 0x00001224, Max: 0x00010000, ABSOLUTE)

    Execution Region ER_IROM1 (Exec base: 0x00000000, Load base: 0x00000000, Size: 0x00001134, Max: 0x00010000, ABSOLUTE)

    Exec Addr    Load Addr    Size         Type   Attr      Idx    E Section Name        Object

    0x00000000   0x00000000   0x000000c0   Data   RO         1100    RESET               startup_cms32l051.o
    0x000000c0   0x000000c0   0x00000004   Data   RO         1111    .ARM.__AT_0x000000C0  system_cms32l051.o
    0x000000c4   0x000000c4   0x00000008   Code   RO         1211  * !!!main             c_p.l(__main.o)
    0x000000cc   0x000000cc   0x0000003c   Code   RO         1387    !!!scatter          c_p.l(__scatter.o)
    0x00000108   0x00000108   0x0000001a   Code   RO         1389    !!handler_copy      c_p.l(__scatter_copy.o)
    0x00000122   0x00000122   0x00000002   PAD
    0x00000124   0x00000124   0x0000001c   Code   RO         1391    !!handler_zi        c_p.l(__scatter_zi.o)
    0x00000140   0x00000140   0x00000002   Code   RO         1202    .ARM.Collect$$_printf_percent$$00000000  c_p.l(_printf_percent.o)
    0x00000142   0x00000142   0x0000000a   Code   RO         1201    .ARM.Collect$$_printf_percent$$0000000C  c_p.l(_printf_x.o)
    0x0000014c   0x0000014c   0x00000004   Code   RO         1222    .ARM.Collect$$_printf_percent$$00000017  c_p.l(_printf_percent_end.o)
    0x00000150   0x00000150   0x00000002   Code   RO         1258    .ARM.Collect$$libinit$$00000000  c_p.l(libinit.o)
    0x00000152   0x00000152   0x00000000   Code   RO         1272    .ARM.Collect$$libinit$$00000002  c_p.l(libinit2.o)
    0x00000152   0x00000152   0x00000000   Code   RO         1274    .ARM.Collect$$libinit$$00000004  c_p.l(libinit2.o)
    0x00000152   0x00000152   0x00000000   Code   RO         1277    .ARM.Collect$$libinit$$0000000A  c_p.l(libinit2.o)
    0x00000152   0x00000152   0x00000000   Code   RO         1279    .ARM.Collect$$libinit$$0000000C  c_p.l(libinit2.o)
    0x00000152   0x00000152   0x00000000   Code   RO         1281    .ARM.Collect$$libinit$$0000000E  c_p.l(libinit2.o)
    0x00000152   0x00000152   0x00000000   Code   RO         1284    .ARM.Collect$$libinit$$00000011  c_p.l(libinit2.o)
    0x00000152   0x00000152   0x00000000   Code   RO         1286    .ARM.Collect$$libinit$$00000013  c_p.l(libinit2.o)
    0x00000152   0x00000152   0x00000000   Code   RO         1288    .ARM.Collect$$libinit$$00000015  c_p.l(libinit2.o)
    0x00000152   0x00000152   0x00000000   Code   RO         1290    .ARM.Collect$$libinit$$00000017  c_p.l(libinit2.o)
    0x00000152   0x00000152   0x00000000   Code   RO         1292    .ARM.Collect$$libinit$$00000019  c_p.l(libinit2.o)
    0x00000152   0x00000152   0x00000000   Code   RO         1294    .ARM.Collect$$libinit$$0000001B  c_p.l(libinit2.o)
    0x00000152   0x00000152   0x00000000   Code   RO         1296    .ARM.Collect$$libinit$$0000001D  c_p.l(libinit2.o)
    0x00000152   0x00000152   0x00000000   Code   RO         1298    .ARM.Collect$$libinit$$0000001F  c_p.l(libinit2.o)
    0x00000152   0x00000152   0x00000000   Code   RO         1300    .ARM.Collect$$libinit$$00000021  c_p.l(libinit2.o)
    0x00000152   0x00000152   0x00000000   Code   RO         1302    .ARM.Collect$$libinit$$00000023  c_p.l(libinit2.o)
    0x00000152   0x00000152   0x00000000   Code   RO         1304    .ARM.Collect$$libinit$$00000025  c_p.l(libinit2.o)
    0x00000152   0x00000152   0x00000000   Code   RO         1308    .ARM.Collect$$libinit$$0000002C  c_p.l(libinit2.o)
    0x00000152   0x00000152   0x00000000   Code   RO         1310    .ARM.Collect$$libinit$$0000002E  c_p.l(libinit2.o)
    0x00000152   0x00000152   0x00000000   Code   RO         1312    .ARM.Collect$$libinit$$00000030  c_p.l(libinit2.o)
    0x00000152   0x00000152   0x00000000   Code   RO         1314    .ARM.Collect$$libinit$$00000032  c_p.l(libinit2.o)
    0x00000152   0x00000152   0x00000002   Code   RO         1315    .ARM.Collect$$libinit$$00000033  c_p.l(libinit2.o)
    0x00000154   0x00000154   0x00000002   Code   RO         1339    .ARM.Collect$$libshutdown$$00000000  c_p.l(libshutdown.o)
    0x00000156   0x00000156   0x00000000   Code   RO         1365    .ARM.Collect$$libshutdown$$00000002  c_p.l(libshutdown2.o)
    0x00000156   0x00000156   0x00000000   Code   RO         1367    .ARM.Collect$$libshutdown$$00000004  c_p.l(libshutdown2.o)
    0x00000156   0x00000156   0x00000000   Code   RO         1369    .ARM.Collect$$libshutdown$$00000006  c_p.l(libshutdown2.o)
    0x00000156   0x00000156   0x00000000   Code   RO         1372    .ARM.Collect$$libshutdown$$00000009  c_p.l(libshutdown2.o)
    0x00000156   0x00000156   0x00000000   Code   RO         1375    .ARM.Collect$$libshutdown$$0000000C  c_p.l(libshutdown2.o)
    0x00000156   0x00000156   0x00000000   Code   RO         1377    .ARM.Collect$$libshutdown$$0000000E  c_p.l(libshutdown2.o)
    0x00000156   0x00000156   0x00000000   Code   RO         1380    .ARM.Collect$$libshutdown$$00000011  c_p.l(libshutdown2.o)
    0x00000156   0x00000156   0x00000002   Code   RO         1381    .ARM.Collect$$libshutdown$$00000012  c_p.l(libshutdown2.o)
    0x00000158   0x00000158   0x00000000   Code   RO         1213    .ARM.Collect$$rtentry$$00000000  c_p.l(__rtentry.o)
    0x00000158   0x00000158   0x00000000   Code   RO         1224    .ARM.Collect$$rtentry$$00000002  c_p.l(__rtentry2.o)
    0x00000158   0x00000158   0x00000006   Code   RO         1236    .ARM.Collect$$rtentry$$00000004  c_p.l(__rtentry4.o)
    0x0000015e   0x0000015e   0x00000000   Code   RO         1226    .ARM.Collect$$rtentry$$00000009  c_p.l(__rtentry2.o)
    0x0000015e   0x0000015e   0x00000004   Code   RO         1227    .ARM.Collect$$rtentry$$0000000A  c_p.l(__rtentry2.o)
    0x00000162   0x00000162   0x00000000   Code   RO         1229    .ARM.Collect$$rtentry$$0000000C  c_p.l(__rtentry2.o)
    0x00000162   0x00000162   0x00000008   Code   RO         1230    .ARM.Collect$$rtentry$$0000000D  c_p.l(__rtentry2.o)
    0x0000016a   0x0000016a   0x00000002   Code   RO         1263    .ARM.Collect$$rtexit$$00000000  c_p.l(rtexit.o)
    0x0000016c   0x0000016c   0x00000000   Code   RO         1317    .ARM.Collect$$rtexit$$00000002  c_p.l(rtexit2.o)
    0x0000016c   0x0000016c   0x00000004   Code   RO         1318    .ARM.Collect$$rtexit$$00000003  c_p.l(rtexit2.o)
    0x00000170   0x00000170   0x00000006   Code   RO         1319    .ARM.Collect$$rtexit$$00000004  c_p.l(rtexit2.o)
    0x00000176   0x00000176   0x00000002   PAD
    0x00000178   0x00000178   0x0000001c   Code   RO            3    .emb_text           main.o
    0x00000194   0x00000194   0x00000080   Code   RO         1101    .text               startup_cms32l051.o
    0x00000214   0x00000214   0x0000001c   Code   RO         1156    .text               c_p.l(noretval__2printf.o)
    0x00000230   0x00000230   0x00000058   Code   RO         1163    .text               c_p.l(_printf_hex_int.o)
    0x00000288   0x00000288   0x0000010e   Code   RO         1189    .text               c_p.l(__printf_wp.o)
    0x00000396   0x00000396   0x00000008   Code   RO         1203    .text               c_p.l(getc.o)
    0x0000039e   0x0000039e   0x0000015a   Code   RO         1205    .text               c_p.l(aeabi_sdiv.o)
    0x000004f8   0x000004f8   0x00000006   Code   RO         1209    .text               c_p.l(heapauxi.o)
    0x000004fe   0x000004fe   0x000000b0   Code   RO         1218    .text               c_p.l(_printf_intcommon.o)
    0x000005ae   0x000005ae   0x00000002   PAD
    0x000005b0   0x000005b0   0x00000028   Code   RO         1220    .text               c_p.l(_printf_char_file.o)
    0x000005d8   0x000005d8   0x00000030   Code   RO         1240    .text               c_p.l(_printf_char_common.o)
    0x00000608   0x00000608   0x0000003e   Code   RO         1242    .text               c_p.l(sys_stackheap_outer.o)
    0x00000646   0x00000646   0x00000010   Code   RO         1247    .text               c_p.l(exit.o)
    0x00000656   0x00000656   0x00000002   PAD
    0x00000658   0x00000658   0x00000008   Code   RO         1259    .text               c_p.l(libspace.o)
    0x00000660   0x00000660   0x0000008c   Code   RO         1107    i.CLK_GetHocoFreq   system_cms32l051.o
    0x000006ec   0x000006ec   0x00000024   Code   RO          112    i.IIC20_Stop        sci.o
    0x00000710   0x00000710   0x0000004c   Code   RO          113    i.IIC20_StopCondition  sci.o
    0x0000075c   0x0000075c   0x00000024   Code   RO          118    i.IIC21_Stop        sci.o
    0x00000780   0x00000780   0x00000044   Code   RO          119    i.IIC21_StopCondition  sci.o
    0x000007c4   0x000007c4   0x0000000c   Code   RO         1108    i.IRQ00_Handler     system_cms32l051.o
    0x000007d0   0x000007d0   0x00000118   Code   RO          778    i.IRQ07_Handler     sci_user.o
    0x000008e8   0x000008e8   0x00000118   Code   RO          779    i.IRQ08_Handler     sci_user.o
    0x00000a00   0x00000a00   0x0000003c   Code   RO          155    i.SPI11_Stop        sci.o
    0x00000a3c   0x00000a3c   0x00000010   Code   RO            4    i.SysTick_Handler   main.o
    0x00000a4c   0x00000a4c   0x00000010   Code   RO         1109    i.SystemCoreClockUpdate  system_cms32l051.o
    0x00000a5c   0x00000a5c   0x00000074   Code   RO         1110    i.SystemInit        system_cms32l051.o
    0x00000ad0   0x00000ad0   0x00000040   Code   RO          173    i.UART0_BaudRate    sci.o
    0x00000b10   0x00000b10   0x000000c0   Code   RO          174    i.UART0_Init        sci.o
    0x00000bd0   0x00000bd0   0x00000018   Code   RO          175    i.UART0_Receive     sci.o
    0x00000be8   0x00000be8   0x00000018   Code   RO          176    i.UART0_Send        sci.o
    0x00000c00   0x00000c00   0x00000068   Code   RO          189    i.UART_BaudRateCal  sci.o
    0x00000c68   0x00000c68   0x0000001a   Code   RO         1144    i.__ARM_common_switch8  system_cms32l051.o
    0x00000c82   0x00000c82   0x00000002   PAD
    0x00000c84   0x00000c84   0x00000018   Code   RO          190    i.__NVIC_ClearPendingIRQ  sci.o
    0x00000c9c   0x00000c9c   0x0000000e   Code   RO         1191    i._is_digit         c_p.l(__printf_wp.o)
    0x00000caa   0x00000caa   0x00000002   PAD
    0x00000cac   0x00000cac   0x0000001c   Code   RO         1042    i._sys_exit         retarget.o
    0x00000cc8   0x00000cc8   0x00000010   Code   RO            5    i.delayMS           main.o
    0x00000cd8   0x00000cd8   0x00000006   Code   RO         1044    i.ferror            retarget.o
    0x00000cde   0x00000cde   0x00000024   Code   RO         1045    i.fgetc             retarget.o
    0x00000d02   0x00000d02   0x00000018   Code   RO         1046    i.fputc             retarget.o
    0x00000d1a   0x00000d1a   0x00000002   PAD
    0x00000d1c   0x00000d1c   0x00000110   Code   RO            6    i.hard_fault_handler_c  main.o
    0x00000e2c   0x00000e2c   0x00000002   Code   RO          780    i.iic20_callback_master_error  sci_user.o
    0x00000e2e   0x00000e2e   0x00000002   PAD
    0x00000e30   0x00000e30   0x00000014   Code   RO          781    i.iic20_callback_master_receiveend  sci_user.o
    0x00000e44   0x00000e44   0x00000014   Code   RO          782    i.iic20_callback_master_sendend  sci_user.o
    0x00000e58   0x00000e58   0x00000002   Code   RO          783    i.iic21_callback_master_error  sci_user.o
    0x00000e5a   0x00000e5a   0x00000002   PAD
    0x00000e5c   0x00000e5c   0x00000014   Code   RO          784    i.iic21_callback_master_receiveend  sci_user.o
    0x00000e70   0x00000e70   0x00000014   Code   RO          785    i.iic21_callback_master_sendend  sci_user.o
    0x00000e84   0x00000e84   0x00000080   Code   RO            7    i.main              main.o
    0x00000f04   0x00000f04   0x00000002   Code   RO          798    i.spi11_callback_error  sci_user.o
    0x00000f06   0x00000f06   0x00000002   PAD
    0x00000f08   0x00000f08   0x00000014   Code   RO          799    i.spi11_callback_receiveend  sci_user.o
    0x00000f1c   0x00000f1c   0x00000014   Code   RO          800    i.spi11_callback_sendend  sci_user.o
    0x00000f30   0x00000f30   0x000000dc   Code   RO          801    i.spi11_interrupt   sci_user.o
    0x0000100c   0x0000100c   0x00000002   Code   RO          810    i.uart0_callback_error  sci_user.o
    0x0000100e   0x0000100e   0x00000002   Code   RO          811    i.uart0_callback_receiveend  sci_user.o
    0x00001010   0x00001010   0x00000002   Code   RO          812    i.uart0_callback_sendend  sci_user.o
    0x00001012   0x00001012   0x00000002   Code   RO          813    i.uart0_callback_softwareoverrun  sci_user.o
    0x00001014   0x00001014   0x0000007c   Code   RO          814    i.uart0_interrupt_receive  sci_user.o
    0x00001090   0x00001090   0x0000003c   Code   RO          815    i.uart0_interrupt_send  sci_user.o
    0x000010cc   0x000010cc   0x00000020   Data   RO          192    .constdata          sci.o
    0x000010ec   0x000010ec   0x00000028   Data   RO         1164    .constdata          c_p.l(_printf_hex_int.o)
    0x00001114   0x00001114   0x00000020   Data   RO         1385    Region$$Table       anon$$obj.o


    Execution Region RW_IRAM1 (Exec base: 0x20000000, Load base: 0x00001134, Size: 0x00000650, Max: 0x00002000, ABSOLUTE)

    Exec Addr    Load Addr    Size         Type   Attr      Idx    E Section Name        Object

    0x20000000   0x00001134   0x00000004   Data   RW            8    .data               main.o
    0x20000004   0x00001138   0x000000cc   Data   RW          193    .data               sci.o
    0x200000d0   0x00001204   0x00000004   Data   RW          194    .data               sci.o
    0x200000d4   0x00001208   0x00000002   Data   RW          195    .data               sci.o
    0x200000d6   0x0000120a   0x00000002   PAD
    0x200000d8   0x0000120c   0x00000004   Data   RW          196    .data               sci.o
    0x200000dc   0x00001210   0x00000002   Data   RW          197    .data               sci.o
    0x200000de   0x00001212   0x00000002   Data   RW          198    .data               sci.o
    0x200000e0   0x00001214   0x00000004   Data   RW          830    .data               sci_user.o
    0x200000e4   0x00001218   0x00000004   Data   RW         1047    .data               retarget.o
    0x200000e8   0x0000121c   0x00000004   Data   RW         1048    .data               retarget.o
    0x200000ec   0x00001220   0x00000004   Data   RW         1112    .data               system_cms32l051.o
    0x200000f0        -       0x00000060   Zero   RW         1260    .bss                c_p.l(libspace.o)
    0x20000150        -       0x00000100   Zero   RW         1099    HEAP                startup_cms32l051.o
    0x20000250        -       0x00000400   Zero   RW         1098    STACK               startup_cms32l051.o


==============================================================================

Image component sizes


      Code (inc. data)   RO Data    RW Data    ZI Data      Debug   Object Name

       460        216          0          4          0      74976   main.o
        94         10          0          8          0       4331   retarget.o
       708        128         32        218          0      35301   sci.o
      1098        182          0          4          0      11037   sci_user.o
       128         28        192          0       1280       2144   startup_cms32l051.o
       310        112          4          4          0       3651   system_cms32l051.o

    ----------------------------------------------------------------------
      2808        676        260        240       1280     131440   Object Totals
         0          0         32          0          0          0   (incl. Generated)
        10          0          0          2          0          0   (incl. Padding)

    ----------------------------------------------------------------------

      Code (inc. data)   RO Data    RW Data    ZI Data      Debug   Library Member Name

         8          0          0          0          0         68   __main.o
       284          0          0          0          0        136   __printf_wp.o
         0          0          0          0          0          0   __rtentry.o
        12          0          0          0          0          0   __rtentry2.o
         6          0          0          0          0          0   __rtentry4.o
        60          8          0          0          0          0   __scatter.o
        26          0          0          0          0          0   __scatter_copy.o
        28          0          0          0          0          0   __scatter_zi.o
        48          6          0          0          0         88   _printf_char_common.o
        40          6          0          0          0         72   _printf_char_file.o
        88          4         40          0          0         72   _printf_hex_int.o
       176          0          0          0          0         84   _printf_intcommon.o
         2          0          0          0          0          0   _printf_percent.o
         4          0          0          0          0          0   _printf_percent_end.o
        10          0          0          0          0          0   _printf_x.o
       346          0          0          0          0         92   aeabi_sdiv.o
        16          0          0          0          0         68   exit.o
         8          0          0          0          0         68   getc.o
         6          0          0          0          0        136   heapauxi.o
         2          0          0          0          0          0   libinit.o
         2          0          0          0          0          0   libinit2.o
         2          0          0          0          0          0   libshutdown.o
         2          0          0          0          0          0   libshutdown2.o
         8          4          0          0         96         68   libspace.o
        28          6          0          0          0         84   noretval__2printf.o
         2          0          0          0          0          0   rtexit.o
        10          0          0          0          0          0   rtexit2.o
        62          0          0          0          0         80   sys_stackheap_outer.o

    ----------------------------------------------------------------------
      1296         34         40          0         96       1116   Library Totals
        10          0          0          0          0          0   (incl. Padding)

    ----------------------------------------------------------------------

      Code (inc. data)   RO Data    RW Data    ZI Data      Debug   Library Name

      1286         34         40          0         96       1116   c_p.l

    ----------------------------------------------------------------------
      1296         34         40          0         96       1116   Library Totals

    ----------------------------------------------------------------------

==============================================================================


      Code (inc. data)   RO Data    RW Data    ZI Data      Debug   

      4104        710        300        240       1376     130432   Grand Totals
      4104        710        300        240       1376     130432   ELF Image Totals
      4104        710        300        240          0          0   ROM Totals

==============================================================================

    Total RO  Size (Code + RO Data)                 4404 (   4.30kB)
    Total RW  Size (RW Data + ZI Data)              1616 (   1.58kB)
    Total ROM Size (Code + RO Data + RW Data)       4644 (   4.54kB)

==============================================================================

