Component: ARM Compiler 5.06 update 7 (build 960) Tool: armlink [4d3601]

==============================================================================

Section Cross References

    main.o(.emb_text) refers to main.o(i.hard_fault_handler_c) for hard_fault_handler_c
    main.o(i.SysTick_Handler) refers to main.o(.data) for .data
    main.o(i.delayMS) refers to main.o(.data) for .data
    main.o(i.main) refers to system_cms32l051.o(i.SystemCoreClockUpdate) for SystemCoreClockUpdate
    main.o(i.main) refers to aeabi_sdiv.o(.text) for __aeabi_uidivmod
    main.o(i.main) refers to main.o(i.delayMS) for delayMS
    main.o(i.main) refers to sci.o(i.UART0_Init) for UART0_Init
    main.o(i.main) refers to sci.o(i.UART1_Init) for UART1_Init
    main.o(i.main) refers to sci.o(i.UART2_Init) for UART2_Init
    main.o(i.main) refers to sci.o(i.UART2_Send) for UART2_Send
    main.o(i.main) refers to system_cms32l051.o(.data) for SystemCoreClock
    main.o(i.main) refers to main.o(.data) for .data
    sci.o(i.UART0_BaudRate) refers to sci.o(i.UART_BaudRateCal) for UART_BaudRateCal
    sci.o(i.UART0_Init) refers to sci.o(i.UART0_BaudRate) for UART0_BaudRate
    sci.o(i.UART0_Init) refers to sci.o(i.UART0_Start) for UART0_Start
    sci.o(i.UART0_Receive) refers to sci.o(.data) for .data
    sci.o(i.UART0_Send) refers to dma.o(i.DMA_Start) for DMA_Start
    sci.o(i.UART0_Send) refers to dma.o(i.DMA_Trigger) for DMA_Trigger
    sci.o(i.UART0_Send) refers to sci.o(.data) for .data
    sci.o(i.UART0_Start) refers to sci.o(i.__NVIC_ClearPendingIRQ) for __NVIC_ClearPendingIRQ
    sci.o(i.UART1_BaudRate) refers to sci.o(i.UART_BaudRateCal) for UART_BaudRateCal
    sci.o(i.UART1_Init) refers to sci.o(i.UART1_BaudRate) for UART1_BaudRate
    sci.o(i.UART1_Init) refers to sci.o(i.UART1_Start) for UART1_Start
    sci.o(i.UART1_Receive) refers to sci.o(.data) for .data
    sci.o(i.UART1_Send) refers to dma.o(i.DMA_Start) for DMA_Start
    sci.o(i.UART1_Send) refers to dma.o(i.DMA_Trigger) for DMA_Trigger
    sci.o(i.UART1_Send) refers to sci.o(.data) for .data
    sci.o(i.UART1_Start) refers to sci.o(i.__NVIC_ClearPendingIRQ) for __NVIC_ClearPendingIRQ
    sci.o(i.UART2_BaudRate) refers to sci.o(i.UART_BaudRateCal) for UART_BaudRateCal
    sci.o(i.UART2_Init) refers to sci.o(i.UART2_BaudRate) for UART2_BaudRate
    sci.o(i.UART2_Init) refers to sci.o(i.UART2_Start) for UART2_Start
    sci.o(i.UART2_Receive) refers to sci.o(.data) for .data
    sci.o(i.UART2_Send) refers to dma.o(i.DMA_Start) for DMA_Start
    sci.o(i.UART2_Send) refers to dma.o(i.DMA_Trigger) for DMA_Trigger
    sci.o(i.UART2_Send) refers to sci.o(.data) for .data
    sci.o(i.UART2_Start) refers to sci.o(i.__NVIC_ClearPendingIRQ) for __NVIC_ClearPendingIRQ
    sci.o(i.UART_BaudRateCal) refers to aeabi_sdiv.o(.text) for __aeabi_uidivmod
    sci.o(i.UART_BaudRateCal) refers to sci.o(.constdata) for .constdata
    sci_user.o(i.IRQ07_Handler) refers to sci_user.o(i.uart2_callback_sendend) for uart2_callback_sendend
    sci_user.o(i.IRQ07_Handler) refers to sci.o(.data) for g_uart2_tx_count
    sci_user.o(i.IRQ08_Handler) refers to sci_user.o(i.uart2_callback_error) for uart2_callback_error
    sci_user.o(i.IRQ08_Handler) refers to sci_user.o(i.uart2_callback_receiveend) for uart2_callback_receiveend
    sci_user.o(i.IRQ08_Handler) refers to sci_user.o(i.uart2_callback_softwareoverrun) for uart2_callback_softwareoverrun
    sci_user.o(i.IRQ08_Handler) refers to sci.o(.data) for g_uart2_rx_length
    sci_user.o(i.uart0_interrupt_receive) refers to sci_user.o(i.uart0_callback_error) for uart0_callback_error
    sci_user.o(i.uart0_interrupt_receive) refers to sci_user.o(i.uart0_callback_receiveend) for uart0_callback_receiveend
    sci_user.o(i.uart0_interrupt_receive) refers to sci_user.o(i.uart0_callback_softwareoverrun) for uart0_callback_softwareoverrun
    sci_user.o(i.uart0_interrupt_receive) refers to sci.o(.data) for g_uart0_rx_length
    sci_user.o(i.uart0_interrupt_send) refers to sci_user.o(i.uart0_callback_sendend) for uart0_callback_sendend
    sci_user.o(i.uart0_interrupt_send) refers to sci.o(.data) for g_uart0_tx_count
    sci_user.o(i.uart1_interrupt_receive) refers to sci_user.o(i.uart1_callback_error) for uart1_callback_error
    sci_user.o(i.uart1_interrupt_receive) refers to sci_user.o(i.uart1_callback_receiveend) for uart1_callback_receiveend
    sci_user.o(i.uart1_interrupt_receive) refers to sci_user.o(i.uart1_callback_softwareoverrun) for uart1_callback_softwareoverrun
    sci_user.o(i.uart1_interrupt_receive) refers to sci.o(.data) for g_uart1_rx_length
    sci_user.o(i.uart1_interrupt_send) refers to sci_user.o(i.uart1_callback_sendend) for uart1_callback_sendend
    sci_user.o(i.uart1_interrupt_send) refers to sci.o(.data) for g_uart1_tx_count
    retarget.o(i._ttywrch) refers to sci.o(i.UART0_SendChar) for UART0_SendChar
    retarget.o(i.fgetc) refers to sci.o(i.UART0_ReceiveChar) for UART0_ReceiveChar
    retarget.o(i.fgetc) refers to sci.o(i.UART0_SendChar) for UART0_SendChar
    retarget.o(i.fputc) refers to sci.o(i.UART0_SendChar) for UART0_SendChar
    startup_cms32l051.o(STACK) refers (Special) to heapauxi.o(.text) for __use_two_region_memory
    startup_cms32l051.o(HEAP) refers (Special) to heapauxi.o(.text) for __use_two_region_memory
    startup_cms32l051.o(RESET) refers (Special) to heapauxi.o(.text) for __use_two_region_memory
    startup_cms32l051.o(RESET) refers to startup_cms32l051.o(STACK) for __initial_sp
    startup_cms32l051.o(RESET) refers to startup_cms32l051.o(.text) for Reset_Handler
    startup_cms32l051.o(RESET) refers to main.o(.emb_text) for HardFault_Handler
    startup_cms32l051.o(RESET) refers to main.o(i.SysTick_Handler) for SysTick_Handler
    startup_cms32l051.o(RESET) refers to system_cms32l051.o(i.IRQ00_Handler) for IRQ00_Handler
    startup_cms32l051.o(RESET) refers to sci_user.o(i.IRQ07_Handler) for IRQ07_Handler
    startup_cms32l051.o(RESET) refers to sci_user.o(i.IRQ08_Handler) for IRQ08_Handler
    startup_cms32l051.o(RESET) refers to sci_user.o(i.uart0_interrupt_send) for IRQ10_Handler
    startup_cms32l051.o(RESET) refers to sci_user.o(i.uart0_interrupt_receive) for IRQ11_Handler
    startup_cms32l051.o(RESET) refers to sci_user.o(i.uart1_interrupt_send) for IRQ13_Handler
    startup_cms32l051.o(RESET) refers to sci_user.o(i.uart1_interrupt_receive) for IRQ14_Handler
    startup_cms32l051.o(.text) refers (Special) to heapauxi.o(.text) for __use_two_region_memory
    startup_cms32l051.o(.text) refers to system_cms32l051.o(i.SystemInit) for SystemInit
    startup_cms32l051.o(.text) refers to __main.o(!!!main) for __main
    startup_cms32l051.o(.text) refers to startup_cms32l051.o(HEAP) for Heap_Mem
    startup_cms32l051.o(.text) refers to startup_cms32l051.o(STACK) for Stack_Mem
    system_cms32l051.o(i.CLK_GetHocoFreq) refers to system_cms32l051.o(i.__ARM_common_switch8) for __ARM_common_switch8
    system_cms32l051.o(i.SystemCoreClockUpdate) refers to system_cms32l051.o(i.CLK_GetHocoFreq) for CLK_GetHocoFreq
    system_cms32l051.o(i.SystemCoreClockUpdate) refers to system_cms32l051.o(.data) for .data
    system_cms32l051.o(i.SystemInit) refers to system_cms32l051.o(i.CLK_GetHocoFreq) for CLK_GetHocoFreq
    system_cms32l051.o(i.SystemInit) refers to system_cms32l051.o(.data) for .data
    __main.o(!!!main) refers to __rtentry.o(.ARM.Collect$$rtentry$$00000000) for __rt_entry
    __rtentry.o(.ARM.Collect$$rtentry$$00000000) refers (Special) to __rtentry2.o(.ARM.Collect$$rtentry$$0000000A) for __rt_entry_li
    __rtentry.o(.ARM.Collect$$rtentry$$00000000) refers (Special) to __rtentry2.o(.ARM.Collect$$rtentry$$0000000D) for __rt_entry_main
    __rtentry.o(.ARM.Collect$$rtentry$$00000000) refers (Special) to __rtentry2.o(.ARM.Collect$$rtentry$$0000000C) for __rt_entry_postli_1
    __rtentry.o(.ARM.Collect$$rtentry$$00000000) refers (Special) to __rtentry2.o(.ARM.Collect$$rtentry$$00000009) for __rt_entry_postsh_1
    __rtentry.o(.ARM.Collect$$rtentry$$00000000) refers (Special) to __rtentry2.o(.ARM.Collect$$rtentry$$00000002) for __rt_entry_presh_1
    __rtentry.o(.ARM.Collect$$rtentry$$00000000) refers (Special) to __rtentry4.o(.ARM.Collect$$rtentry$$00000004) for __rt_entry_sh
    aeabi_idiv0_sigfpe.o(.text) refers to rt_div0.o(.text) for __rt_div0
    __rtentry2.o(.ARM.Collect$$rtentry$$00000008) refers to boardinit2.o(.text) for _platform_post_stackheap_init
    __rtentry2.o(.ARM.Collect$$rtentry$$0000000A) refers to libinit.o(.ARM.Collect$$libinit$$00000000) for __rt_lib_init
    __rtentry2.o(.ARM.Collect$$rtentry$$0000000B) refers to boardinit3.o(.text) for _platform_post_lib_init
    __rtentry2.o(.ARM.Collect$$rtentry$$0000000D) refers to main.o(i.main) for main
    __rtentry2.o(.ARM.Collect$$rtentry$$0000000D) refers to exit.o(.text) for exit
    __rtentry2.o(.ARM.exidx) refers to __rtentry2.o(.ARM.Collect$$rtentry$$00000001) for .ARM.Collect$$rtentry$$00000001
    __rtentry2.o(.ARM.exidx) refers to __rtentry2.o(.ARM.Collect$$rtentry$$00000008) for .ARM.Collect$$rtentry$$00000008
    __rtentry2.o(.ARM.exidx) refers to __rtentry2.o(.ARM.Collect$$rtentry$$0000000A) for .ARM.Collect$$rtentry$$0000000A
    __rtentry2.o(.ARM.exidx) refers to __rtentry2.o(.ARM.Collect$$rtentry$$0000000B) for .ARM.Collect$$rtentry$$0000000B
    __rtentry2.o(.ARM.exidx) refers to __rtentry2.o(.ARM.Collect$$rtentry$$0000000D) for .ARM.Collect$$rtentry$$0000000D
    __rtentry4.o(.ARM.Collect$$rtentry$$00000004) refers to sys_stackheap_outer.o(.text) for __user_setup_stackheap
    __rtentry4.o(.ARM.exidx) refers to __rtentry4.o(.ARM.Collect$$rtentry$$00000004) for .ARM.Collect$$rtentry$$00000004
    rt_div0.o(.text) refers to defsig_fpe_outer.o(.text) for __rt_SIGFPE
    sys_stackheap_outer.o(.text) refers to libspace.o(.text) for __user_perproc_libspace
    sys_stackheap_outer.o(.text) refers to startup_cms32l051.o(.text) for __user_initial_stackheap
    sys_stackheap_outer.o(__vectab_stack_and_reset_area) refers to tempstk.o(.text) for __temporary_stack_top
    sys_stackheap_outer.o(__vectab_stack_and_reset_area) refers to __main.o(!!!main) for __main
    exit.o(.text) refers to rtexit.o(.ARM.Collect$$rtexit$$00000000) for __rt_exit
    defsig_fpe_outer.o(.text) refers to defsig_fpe_inner.o(.text) for __rt_SIGFPE_inner
    defsig_fpe_outer.o(.text) refers to defsig_exit.o(.text) for __sig_exit
    defsig_fpe_formal.o(.text) refers to rt_raise.o(.text) for __rt_raise
    libinit.o(.ARM.Collect$$libinit$$00000000) refers (Special) to libinit2.o(.ARM.Collect$$libinit$$0000002E) for __rt_lib_init_alloca_1
    libinit.o(.ARM.Collect$$libinit$$00000000) refers (Special) to libinit2.o(.ARM.Collect$$libinit$$0000002C) for __rt_lib_init_argv_1
    libinit.o(.ARM.Collect$$libinit$$00000000) refers (Special) to libinit2.o(.ARM.Collect$$libinit$$0000001B) for __rt_lib_init_atexit_1
    libinit.o(.ARM.Collect$$libinit$$00000000) refers (Special) to libinit2.o(.ARM.Collect$$libinit$$00000021) for __rt_lib_init_clock_1
    libinit.o(.ARM.Collect$$libinit$$00000000) refers (Special) to libinit2.o(.ARM.Collect$$libinit$$00000032) for __rt_lib_init_cpp_1
    libinit.o(.ARM.Collect$$libinit$$00000000) refers (Special) to libinit2.o(.ARM.Collect$$libinit$$00000030) for __rt_lib_init_exceptions_1
    libinit.o(.ARM.Collect$$libinit$$00000000) refers (Special) to libinit2.o(.ARM.Collect$$libinit$$00000002) for __rt_lib_init_fp_1
    libinit.o(.ARM.Collect$$libinit$$00000000) refers (Special) to libinit2.o(.ARM.Collect$$libinit$$0000001F) for __rt_lib_init_fp_trap_1
    libinit.o(.ARM.Collect$$libinit$$00000000) refers (Special) to libinit2.o(.ARM.Collect$$libinit$$00000023) for __rt_lib_init_getenv_1
    libinit.o(.ARM.Collect$$libinit$$00000000) refers (Special) to libinit2.o(.ARM.Collect$$libinit$$0000000A) for __rt_lib_init_heap_1
    libinit.o(.ARM.Collect$$libinit$$00000000) refers (Special) to libinit2.o(.ARM.Collect$$libinit$$00000011) for __rt_lib_init_lc_collate_1
    libinit.o(.ARM.Collect$$libinit$$00000000) refers (Special) to libinit2.o(.ARM.Collect$$libinit$$00000013) for __rt_lib_init_lc_ctype_1
    libinit.o(.ARM.Collect$$libinit$$00000000) refers (Special) to libinit2.o(.ARM.Collect$$libinit$$00000015) for __rt_lib_init_lc_monetary_1
    libinit.o(.ARM.Collect$$libinit$$00000000) refers (Special) to libinit2.o(.ARM.Collect$$libinit$$00000017) for __rt_lib_init_lc_numeric_1
    libinit.o(.ARM.Collect$$libinit$$00000000) refers (Special) to libinit2.o(.ARM.Collect$$libinit$$00000019) for __rt_lib_init_lc_time_1
    libinit.o(.ARM.Collect$$libinit$$00000000) refers (Special) to libinit2.o(.ARM.Collect$$libinit$$00000004) for __rt_lib_init_preinit_1
    libinit.o(.ARM.Collect$$libinit$$00000000) refers (Special) to libinit2.o(.ARM.Collect$$libinit$$0000000E) for __rt_lib_init_rand_1
    libinit.o(.ARM.Collect$$libinit$$00000000) refers (Special) to libinit2.o(.ARM.Collect$$libinit$$00000033) for __rt_lib_init_return
    libinit.o(.ARM.Collect$$libinit$$00000000) refers (Special) to libinit2.o(.ARM.Collect$$libinit$$0000001D) for __rt_lib_init_signal_1
    libinit.o(.ARM.Collect$$libinit$$00000000) refers (Special) to libinit2.o(.ARM.Collect$$libinit$$00000025) for __rt_lib_init_stdio_1
    libinit.o(.ARM.Collect$$libinit$$00000000) refers (Special) to libinit2.o(.ARM.Collect$$libinit$$0000000C) for __rt_lib_init_user_alloc_1
    libspace.o(.text) refers to libspace.o(.bss) for __libspace_start
    rtexit.o(.ARM.Collect$$rtexit$$00000000) refers (Special) to rtexit2.o(.ARM.Collect$$rtexit$$00000004) for __rt_exit_exit
    rtexit.o(.ARM.Collect$$rtexit$$00000000) refers (Special) to rtexit2.o(.ARM.Collect$$rtexit$$00000003) for __rt_exit_ls
    rtexit.o(.ARM.Collect$$rtexit$$00000000) refers (Special) to rtexit2.o(.ARM.Collect$$rtexit$$00000002) for __rt_exit_prels_1
    rtexit.o(.ARM.exidx) refers (Special) to rtexit2.o(.ARM.Collect$$rtexit$$00000004) for __rt_exit_exit
    rtexit.o(.ARM.exidx) refers (Special) to rtexit2.o(.ARM.Collect$$rtexit$$00000003) for __rt_exit_ls
    rtexit.o(.ARM.exidx) refers (Special) to rtexit2.o(.ARM.Collect$$rtexit$$00000002) for __rt_exit_prels_1
    rtexit.o(.ARM.exidx) refers to rtexit.o(.ARM.Collect$$rtexit$$00000000) for .ARM.Collect$$rtexit$$00000000
    rt_raise.o(.text) refers to __raise.o(.text) for __raise
    rt_raise.o(.text) refers to retarget.o(i._sys_exit) for _sys_exit
    defsig_exit.o(.text) refers to retarget.o(i._sys_exit) for _sys_exit
    defsig_fpe_inner.o(.text) refers to defsig_general.o(.text) for __default_signal_display
    libinit2.o(.ARM.Collect$$libinit$$00000010) refers to libinit2.o(.ARM.Collect$$libinit$$0000000F) for .ARM.Collect$$libinit$$0000000F
    libinit2.o(.ARM.Collect$$libinit$$00000012) refers to libinit2.o(.ARM.Collect$$libinit$$0000000F) for .ARM.Collect$$libinit$$0000000F
    libinit2.o(.ARM.Collect$$libinit$$00000014) refers to libinit2.o(.ARM.Collect$$libinit$$0000000F) for .ARM.Collect$$libinit$$0000000F
    libinit2.o(.ARM.Collect$$libinit$$00000016) refers to libinit2.o(.ARM.Collect$$libinit$$0000000F) for .ARM.Collect$$libinit$$0000000F
    libinit2.o(.ARM.Collect$$libinit$$00000018) refers to libinit2.o(.ARM.Collect$$libinit$$0000000F) for .ARM.Collect$$libinit$$0000000F
    libinit2.o(.ARM.Collect$$libinit$$00000026) refers to argv_veneer.o(.text) for __ARM_argv_veneer
    libinit2.o(.ARM.Collect$$libinit$$00000027) refers to argv_veneer.o(.text) for __ARM_argv_veneer
    rtexit2.o(.ARM.Collect$$rtexit$$00000003) refers to libshutdown.o(.ARM.Collect$$libshutdown$$00000000) for __rt_lib_shutdown
    rtexit2.o(.ARM.Collect$$rtexit$$00000004) refers to retarget.o(i._sys_exit) for _sys_exit
    rtexit2.o(.ARM.exidx) refers to rtexit2.o(.ARM.Collect$$rtexit$$00000001) for .ARM.Collect$$rtexit$$00000001
    rtexit2.o(.ARM.exidx) refers to rtexit2.o(.ARM.Collect$$rtexit$$00000003) for .ARM.Collect$$rtexit$$00000003
    rtexit2.o(.ARM.exidx) refers to rtexit2.o(.ARM.Collect$$rtexit$$00000004) for .ARM.Collect$$rtexit$$00000004
    __raise.o(.text) refers to defsig.o(CL$$defsig) for __default_signal_handler
    defsig_general.o(.text) refers to retarget.o(i._ttywrch) for _ttywrch
    defsig.o(CL$$defsig) refers to defsig_fpe_inner.o(.text) for __rt_SIGFPE_inner
    defsig.o(CL$$defsig) refers to defsig_rtmem_inner.o(.text) for __rt_SIGRTMEM_inner
    _get_argv_nomalloc.o(.text) refers (Special) to hrguard.o(.text) for __heap_region$guard
    _get_argv_nomalloc.o(.text) refers to defsig_rtmem_outer.o(.text) for __rt_SIGRTMEM
    _get_argv_nomalloc.o(.text) refers to sys_command.o(.text) for _sys_command_string
    libshutdown.o(.ARM.Collect$$libshutdown$$00000000) refers (Special) to libshutdown2.o(.ARM.Collect$$libshutdown$$00000004) for __rt_lib_shutdown_cpp_1
    libshutdown.o(.ARM.Collect$$libshutdown$$00000000) refers (Special) to libshutdown2.o(.ARM.Collect$$libshutdown$$00000002) for __rt_lib_shutdown_fini_1
    libshutdown.o(.ARM.Collect$$libshutdown$$00000000) refers (Special) to libshutdown2.o(.ARM.Collect$$libshutdown$$00000009) for __rt_lib_shutdown_fp_trap_1
    libshutdown.o(.ARM.Collect$$libshutdown$$00000000) refers (Special) to libshutdown2.o(.ARM.Collect$$libshutdown$$00000011) for __rt_lib_shutdown_heap_1
    libshutdown.o(.ARM.Collect$$libshutdown$$00000000) refers (Special) to libshutdown2.o(.ARM.Collect$$libshutdown$$00000012) for __rt_lib_shutdown_return
    libshutdown.o(.ARM.Collect$$libshutdown$$00000000) refers (Special) to libshutdown2.o(.ARM.Collect$$libshutdown$$0000000C) for __rt_lib_shutdown_signal_1
    libshutdown.o(.ARM.Collect$$libshutdown$$00000000) refers (Special) to libshutdown2.o(.ARM.Collect$$libshutdown$$00000006) for __rt_lib_shutdown_stdio_1
    libshutdown.o(.ARM.Collect$$libshutdown$$00000000) refers (Special) to libshutdown2.o(.ARM.Collect$$libshutdown$$0000000E) for __rt_lib_shutdown_user_alloc_1
    sys_command.o(.text) refers (Special) to use_no_semi.o(.text) for __I$use$semihosting
    sys_command.o(.text) refers (Special) to indicate_semi.o(.text) for __semihosting_library_function
    defsig_abrt_inner.o(.text) refers to defsig_general.o(.text) for __default_signal_display
    defsig_rtred_inner.o(.text) refers to defsig_general.o(.text) for __default_signal_display
    defsig_rtmem_inner.o(.text) refers to defsig_general.o(.text) for __default_signal_display
    defsig_rtmem_outer.o(.text) refers to defsig_rtmem_inner.o(.text) for __rt_SIGRTMEM_inner
    defsig_rtmem_outer.o(.text) refers to defsig_exit.o(.text) for __sig_exit
    defsig_rtmem_formal.o(.text) refers to rt_raise.o(.text) for __rt_raise
    defsig_stak_inner.o(.text) refers to defsig_general.o(.text) for __default_signal_display
    defsig_pvfn_inner.o(.text) refers to defsig_general.o(.text) for __default_signal_display
    defsig_cppl_inner.o(.text) refers to defsig_general.o(.text) for __default_signal_display
    defsig_segv_inner.o(.text) refers to defsig_general.o(.text) for __default_signal_display
    defsig_other.o(.text) refers to defsig_general.o(.text) for __default_signal_display


==============================================================================

Removing Unused input sections from the image.

    Removing main.o(.rev16_text), (4 bytes).
    Removing main.o(.revsh_text), (4 bytes).
    Removing main.o(.bss), (100 bytes).
    Removing sci.o(.rev16_text), (4 bytes).
    Removing sci.o(.revsh_text), (4 bytes).
    Removing sci.o(i.UART0_Receive), (32 bytes).
    Removing sci.o(i.UART0_ReceiveChar), (24 bytes).
    Removing sci.o(i.UART0_Send), (60 bytes).
    Removing sci.o(i.UART0_SendChar), (24 bytes).
    Removing sci.o(i.UART0_Stop), (48 bytes).
    Removing sci.o(i.UART1_Receive), (32 bytes).
    Removing sci.o(i.UART1_Send), (60 bytes).
    Removing sci.o(i.UART1_Stop), (48 bytes).
    Removing sci.o(i.UART2_Receive), (32 bytes).
    Removing sci.o(i.UART2_Stop), (56 bytes).
    Removing sci.o(.data), (4 bytes).
    Removing sci.o(.data), (2 bytes).
    Removing sci.o(.data), (2 bytes).
    Removing sci.o(.data), (4 bytes).
    Removing sci.o(.data), (2 bytes).
    Removing sci.o(.data), (2 bytes).
    Removing sci.o(.data), (4 bytes).
    Removing sci.o(.data), (2 bytes).
    Removing sci.o(.data), (2 bytes).
    Removing sci.o(.data), (4 bytes).
    Removing sci.o(.data), (2 bytes).
    Removing sci.o(.data), (2 bytes).
    Removing sci.o(.data), (1 bytes).
    Removing sci.o(.data), (4 bytes).
    Removing sci.o(.data), (2 bytes).
    Removing sci.o(.data), (4 bytes).
    Removing sci.o(.data), (2 bytes).
    Removing sci.o(.data), (2 bytes).
    Removing sci.o(.data), (1 bytes).
    Removing sci.o(.data), (4 bytes).
    Removing sci.o(.data), (2 bytes).
    Removing sci.o(.data), (4 bytes).
    Removing sci.o(.data), (2 bytes).
    Removing sci.o(.data), (2 bytes).
    Removing sci.o(.data), (4 bytes).
    Removing sci.o(.data), (2 bytes).
    Removing sci.o(.data), (2 bytes).
    Removing sci.o(.data), (4 bytes).
    Removing sci.o(.data), (2 bytes).
    Removing sci.o(.data), (2 bytes).
    Removing sci.o(.data), (4 bytes).
    Removing sci.o(.data), (2 bytes).
    Removing sci.o(.data), (2 bytes).
    Removing sci.o(.data), (4 bytes).
    Removing sci.o(.data), (2 bytes).
    Removing sci.o(.data), (2 bytes).
    Removing sci.o(.data), (1 bytes).
    Removing sci.o(.data), (4 bytes).
    Removing sci.o(.data), (2 bytes).
    Removing sci.o(.data), (4 bytes).
    Removing sci.o(.data), (2 bytes).
    Removing sci.o(.data), (2 bytes).
    Removing sci.o(.data), (1 bytes).
    Removing sci.o(.data), (4 bytes).
    Removing sci.o(.data), (2 bytes).
    Removing sci.o(.data), (4 bytes).
    Removing sci.o(.data), (2 bytes).
    Removing sci.o(.data), (2 bytes).
    Removing sci.o(.data), (4 bytes).
    Removing sci.o(.data), (2 bytes).
    Removing sci.o(.data), (2 bytes).
    Removing sci.o(.data), (4 bytes).
    Removing sci.o(.data), (2 bytes).
    Removing sci.o(.data), (2 bytes).
    Removing sci.o(.data), (4 bytes).
    Removing sci.o(.data), (2 bytes).
    Removing sci.o(.data), (2 bytes).
    Removing sci.o(.data), (4 bytes).
    Removing sci.o(.data), (2 bytes).
    Removing sci.o(.data), (2 bytes).
    Removing sci.o(.data), (1 bytes).
    Removing sci.o(.data), (4 bytes).
    Removing sci.o(.data), (2 bytes).
    Removing sci.o(.data), (4 bytes).
    Removing sci.o(.data), (2 bytes).
    Removing sci.o(.data), (2 bytes).
    Removing sci.o(.data), (1 bytes).
    Removing sci.o(.data), (4 bytes).
    Removing sci.o(.data), (2 bytes).
    Removing sci.o(.data), (4 bytes).
    Removing sci.o(.data), (2 bytes).
    Removing sci.o(.data), (2 bytes).
    Removing sci_user.o(.rev16_text), (4 bytes).
    Removing sci_user.o(.revsh_text), (4 bytes).
    Removing sci_user.o(.data), (1 bytes).
    Removing sci_user.o(.data), (1 bytes).
    Removing sci_user.o(.data), (1 bytes).
    Removing sci_user.o(.data), (1 bytes).
    Removing sci_user.o(.data), (1 bytes).
    Removing sci_user.o(.data), (1 bytes).
    Removing sci_user.o(.data), (1 bytes).
    Removing sci_user.o(.data), (1 bytes).
    Removing sci_user.o(.data), (1 bytes).
    Removing sci_user.o(.data), (1 bytes).
    Removing sci_user.o(.data), (1 bytes).
    Removing sci_user.o(.data), (1 bytes).
    Removing dma.o(.rev16_text), (4 bytes).
    Removing dma.o(.revsh_text), (4 bytes).
    Removing dma.o(i.DMA_Enable), (28 bytes).
    Removing dma.o(i.DMA_Stop), (28 bytes).
    Removing retarget.o(.rev16_text), (4 bytes).
    Removing retarget.o(.revsh_text), (4 bytes).
    Removing retarget.o(i._ttywrch), (10 bytes).
    Removing retarget.o(i.ferror), (6 bytes).
    Removing retarget.o(i.fgetc), (36 bytes).
    Removing retarget.o(i.fputc), (24 bytes).
    Removing retarget.o(.data), (4 bytes).
    Removing retarget.o(.data), (4 bytes).
    Removing system_cms32l051.o(.rev16_text), (4 bytes).
    Removing system_cms32l051.o(.revsh_text), (4 bytes).

115 unused section(s) (total 902 bytes) removed from the image.

==============================================================================

Image Symbol Table

    Local Symbols

    Symbol Name                              Value     Ov Type        Size  Object(Section)

    RESET                                    0x00000000   Section      192  startup_cms32l051.o(RESET)
    ../clib/angel/boardlib.s                 0x00000000   Number         0  boardshut.o ABSOLUTE
    ../clib/angel/boardlib.s                 0x00000000   Number         0  boardinit3.o ABSOLUTE
    ../clib/angel/boardlib.s                 0x00000000   Number         0  boardinit2.o ABSOLUTE
    ../clib/angel/boardlib.s                 0x00000000   Number         0  boardinit1.o ABSOLUTE
    ../clib/angel/handlers.s                 0x00000000   Number         0  __scatter_zi.o ABSOLUTE
    ../clib/angel/handlers.s                 0x00000000   Number         0  __scatter_copy.o ABSOLUTE
    ../clib/angel/kernel.s                   0x00000000   Number         0  rtexit.o ABSOLUTE
    ../clib/angel/kernel.s                   0x00000000   Number         0  __rtentry2.o ABSOLUTE
    ../clib/angel/kernel.s                   0x00000000   Number         0  __rtentry.o ABSOLUTE
    ../clib/angel/kernel.s                   0x00000000   Number         0  rtexit2.o ABSOLUTE
    ../clib/angel/kernel.s                   0x00000000   Number         0  __rtentry4.o ABSOLUTE
    ../clib/angel/rt.s                       0x00000000   Number         0  rt_raise.o ABSOLUTE
    ../clib/angel/rt.s                       0x00000000   Number         0  aeabi_idiv0.o ABSOLUTE
    ../clib/angel/rt.s                       0x00000000   Number         0  aeabi_idiv0_sigfpe.o ABSOLUTE
    ../clib/angel/rt.s                       0x00000000   Number         0  rt_div0.o ABSOLUTE
    ../clib/angel/scatterp.s                 0x00000000   Number         0  __scatter.o ABSOLUTE
    ../clib/angel/startup.s                  0x00000000   Number         0  __main.o ABSOLUTE
    ../clib/angel/sys.s                      0x00000000   Number         0  tempstk.o ABSOLUTE
    ../clib/angel/sys.s                      0x00000000   Number         0  use_no_semi.o ABSOLUTE
    ../clib/angel/sys.s                      0x00000000   Number         0  sys_stackheap_outer.o ABSOLUTE
    ../clib/angel/sys.s                      0x00000000   Number         0  indicate_semi.o ABSOLUTE
    ../clib/angel/sys.s                      0x00000000   Number         0  libspace.o ABSOLUTE
    ../clib/angel/sysapp.c                   0x00000000   Number         0  sys_command.o ABSOLUTE
    ../clib/armsys.c                         0x00000000   Number         0  _get_argv_nomalloc.o ABSOLUTE
    ../clib/armsys.c                         0x00000000   Number         0  no_argv.o ABSOLUTE
    ../clib/armsys.c                         0x00000000   Number         0  argv_veneer.o ABSOLUTE
    ../clib/division.s                       0x00000000   Number         0  aeabi_sdiv_div0.o ABSOLUTE
    ../clib/division.s                       0x00000000   Number         0  aeabi_sdiv.o ABSOLUTE
    ../clib/heapalloc.c                      0x00000000   Number         0  hrguard.o ABSOLUTE
    ../clib/heapaux.c                        0x00000000   Number         0  heapauxi.o ABSOLUTE
    ../clib/libinit.s                        0x00000000   Number         0  libshutdown2.o ABSOLUTE
    ../clib/libinit.s                        0x00000000   Number         0  libinit.o ABSOLUTE
    ../clib/libinit.s                        0x00000000   Number         0  libinit2.o ABSOLUTE
    ../clib/libinit.s                        0x00000000   Number         0  libshutdown.o ABSOLUTE
    ../clib/misc.s                           0x00000000   Number         0  printf_stubs.o ABSOLUTE
    ../clib/signal.c                         0x00000000   Number         0  defsig_rtmem_formal.o ABSOLUTE
    ../clib/signal.c                         0x00000000   Number         0  defsig_other.o ABSOLUTE
    ../clib/signal.c                         0x00000000   Number         0  defsig_segv_inner.o ABSOLUTE
    ../clib/signal.c                         0x00000000   Number         0  defsig_pvfn_inner.o ABSOLUTE
    ../clib/signal.c                         0x00000000   Number         0  __raise.o ABSOLUTE
    ../clib/signal.c                         0x00000000   Number         0  defsig_stak_inner.o ABSOLUTE
    ../clib/signal.c                         0x00000000   Number         0  defsig_rtmem_inner.o ABSOLUTE
    ../clib/signal.c                         0x00000000   Number         0  defsig_fpe_inner.o ABSOLUTE
    ../clib/signal.c                         0x00000000   Number         0  defsig_exit.o ABSOLUTE
    ../clib/signal.c                         0x00000000   Number         0  defsig_fpe_outer.o ABSOLUTE
    ../clib/signal.c                         0x00000000   Number         0  defsig_fpe_formal.o ABSOLUTE
    ../clib/signal.c                         0x00000000   Number         0  defsig_cppl_inner.o ABSOLUTE
    ../clib/signal.c                         0x00000000   Number         0  defsig_abrt_inner.o ABSOLUTE
    ../clib/signal.c                         0x00000000   Number         0  defsig_general.o ABSOLUTE
    ../clib/signal.c                         0x00000000   Number         0  defsig_rtred_inner.o ABSOLUTE
    ../clib/signal.c                         0x00000000   Number         0  defsig_rtmem_outer.o ABSOLUTE
    ../clib/signal.s                         0x00000000   Number         0  defsig.o ABSOLUTE
    ../clib/stdlib.c                         0x00000000   Number         0  exit.o ABSOLUTE
    ../fplib/cfplib/fpinit.c                 0x00000000   Number         0  fpinit.o ABSOLUTE
    ..\..\..\Driver\src\dma.c                0x00000000   Number         0  dma.o ABSOLUTE
    ..\..\..\Driver\src\retarget.c           0x00000000   Number         0  retarget.o ABSOLUTE
    ..\..\..\Driver\src\sci.c                0x00000000   Number         0  sci.o ABSOLUTE
    ..\..\..\Driver\src\sci_user.c           0x00000000   Number         0  sci_user.o ABSOLUTE
    ..\\..\\..\\Driver\\src\\dma.c           0x00000000   Number         0  dma.o ABSOLUTE
    ..\\..\\..\\Driver\\src\\retarget.c      0x00000000   Number         0  retarget.o ABSOLUTE
    ..\\..\\..\\Driver\\src\\sci.c           0x00000000   Number         0  sci.o ABSOLUTE
    ..\\..\\..\\Driver\\src\\sci_user.c      0x00000000   Number         0  sci_user.o ABSOLUTE
    ..\\main.c                               0x00000000   Number         0  main.o ABSOLUTE
    ..\main.c                                0x00000000   Number         0  main.o ABSOLUTE
    RTE/Device/CMS32L051LQ48/startup_CMS32L051.s 0x00000000   Number         0  startup_cms32l051.o ABSOLUTE
    RTE/Device/CMS32L051LQ48/system_CMS32L051.c 0x00000000   Number         0  system_cms32l051.o ABSOLUTE
    RTE\Device\CMS32L051LQ48\system_CMS32L051.c 0x00000000   Number         0  system_cms32l051.o ABSOLUTE
    dc.s                                     0x00000000   Number         0  dc.o ABSOLUTE
    .ARM.__AT_0x000000C0                     0x000000c0   Section        4  system_cms32l051.o(.ARM.__AT_0x000000C0)
    __tagsym$$used                           0x000000c0   Number         0  system_cms32l051.o(.ARM.__AT_0x000000C0)
    !!!main                                  0x000000c4   Section        8  __main.o(!!!main)
    !!!scatter                               0x000000cc   Section       60  __scatter.o(!!!scatter)
    !!handler_copy                           0x00000108   Section       26  __scatter_copy.o(!!handler_copy)
    !!handler_zi                             0x00000124   Section       28  __scatter_zi.o(!!handler_zi)
    .ARM.Collect$$libinit$$00000000          0x00000140   Section        2  libinit.o(.ARM.Collect$$libinit$$00000000)
    .ARM.Collect$$libinit$$00000002          0x00000142   Section        0  libinit2.o(.ARM.Collect$$libinit$$00000002)
    .ARM.Collect$$libinit$$00000004          0x00000142   Section        0  libinit2.o(.ARM.Collect$$libinit$$00000004)
    .ARM.Collect$$libinit$$0000000A          0x00000142   Section        0  libinit2.o(.ARM.Collect$$libinit$$0000000A)
    .ARM.Collect$$libinit$$0000000C          0x00000142   Section        0  libinit2.o(.ARM.Collect$$libinit$$0000000C)
    .ARM.Collect$$libinit$$0000000E          0x00000142   Section        0  libinit2.o(.ARM.Collect$$libinit$$0000000E)
    .ARM.Collect$$libinit$$00000011          0x00000142   Section        0  libinit2.o(.ARM.Collect$$libinit$$00000011)
    .ARM.Collect$$libinit$$00000013          0x00000142   Section        0  libinit2.o(.ARM.Collect$$libinit$$00000013)
    .ARM.Collect$$libinit$$00000015          0x00000142   Section        0  libinit2.o(.ARM.Collect$$libinit$$00000015)
    .ARM.Collect$$libinit$$00000017          0x00000142   Section        0  libinit2.o(.ARM.Collect$$libinit$$00000017)
    .ARM.Collect$$libinit$$00000019          0x00000142   Section        0  libinit2.o(.ARM.Collect$$libinit$$00000019)
    .ARM.Collect$$libinit$$0000001B          0x00000142   Section        0  libinit2.o(.ARM.Collect$$libinit$$0000001B)
    .ARM.Collect$$libinit$$0000001D          0x00000142   Section        0  libinit2.o(.ARM.Collect$$libinit$$0000001D)
    .ARM.Collect$$libinit$$0000001F          0x00000142   Section        0  libinit2.o(.ARM.Collect$$libinit$$0000001F)
    .ARM.Collect$$libinit$$00000021          0x00000142   Section        0  libinit2.o(.ARM.Collect$$libinit$$00000021)
    .ARM.Collect$$libinit$$00000023          0x00000142   Section        0  libinit2.o(.ARM.Collect$$libinit$$00000023)
    .ARM.Collect$$libinit$$00000025          0x00000142   Section        0  libinit2.o(.ARM.Collect$$libinit$$00000025)
    .ARM.Collect$$libinit$$0000002C          0x00000142   Section        0  libinit2.o(.ARM.Collect$$libinit$$0000002C)
    .ARM.Collect$$libinit$$0000002E          0x00000142   Section        0  libinit2.o(.ARM.Collect$$libinit$$0000002E)
    .ARM.Collect$$libinit$$00000030          0x00000142   Section        0  libinit2.o(.ARM.Collect$$libinit$$00000030)
    .ARM.Collect$$libinit$$00000032          0x00000142   Section        0  libinit2.o(.ARM.Collect$$libinit$$00000032)
    .ARM.Collect$$libinit$$00000033          0x00000142   Section        2  libinit2.o(.ARM.Collect$$libinit$$00000033)
    .ARM.Collect$$libshutdown$$00000000      0x00000144   Section        2  libshutdown.o(.ARM.Collect$$libshutdown$$00000000)
    .ARM.Collect$$libshutdown$$00000002      0x00000146   Section        0  libshutdown2.o(.ARM.Collect$$libshutdown$$00000002)
    .ARM.Collect$$libshutdown$$00000004      0x00000146   Section        0  libshutdown2.o(.ARM.Collect$$libshutdown$$00000004)
    .ARM.Collect$$libshutdown$$00000006      0x00000146   Section        0  libshutdown2.o(.ARM.Collect$$libshutdown$$00000006)
    .ARM.Collect$$libshutdown$$00000009      0x00000146   Section        0  libshutdown2.o(.ARM.Collect$$libshutdown$$00000009)
    .ARM.Collect$$libshutdown$$0000000C      0x00000146   Section        0  libshutdown2.o(.ARM.Collect$$libshutdown$$0000000C)
    .ARM.Collect$$libshutdown$$0000000E      0x00000146   Section        0  libshutdown2.o(.ARM.Collect$$libshutdown$$0000000E)
    .ARM.Collect$$libshutdown$$00000011      0x00000146   Section        0  libshutdown2.o(.ARM.Collect$$libshutdown$$00000011)
    .ARM.Collect$$libshutdown$$00000012      0x00000146   Section        2  libshutdown2.o(.ARM.Collect$$libshutdown$$00000012)
    .ARM.Collect$$rtentry$$00000000          0x00000148   Section        0  __rtentry.o(.ARM.Collect$$rtentry$$00000000)
    .ARM.Collect$$rtentry$$00000002          0x00000148   Section        0  __rtentry2.o(.ARM.Collect$$rtentry$$00000002)
    .ARM.Collect$$rtentry$$00000004          0x00000148   Section        6  __rtentry4.o(.ARM.Collect$$rtentry$$00000004)
    .ARM.Collect$$rtentry$$00000009          0x0000014e   Section        0  __rtentry2.o(.ARM.Collect$$rtentry$$00000009)
    .ARM.Collect$$rtentry$$0000000A          0x0000014e   Section        4  __rtentry2.o(.ARM.Collect$$rtentry$$0000000A)
    .ARM.Collect$$rtentry$$0000000C          0x00000152   Section        0  __rtentry2.o(.ARM.Collect$$rtentry$$0000000C)
    .ARM.Collect$$rtentry$$0000000D          0x00000152   Section        8  __rtentry2.o(.ARM.Collect$$rtentry$$0000000D)
    .ARM.Collect$$rtexit$$00000000           0x0000015a   Section        2  rtexit.o(.ARM.Collect$$rtexit$$00000000)
    .ARM.Collect$$rtexit$$00000002           0x0000015c   Section        0  rtexit2.o(.ARM.Collect$$rtexit$$00000002)
    .ARM.Collect$$rtexit$$00000003           0x0000015c   Section        4  rtexit2.o(.ARM.Collect$$rtexit$$00000003)
    .ARM.Collect$$rtexit$$00000004           0x00000160   Section        6  rtexit2.o(.ARM.Collect$$rtexit$$00000004)
    .emb_text                                0x00000168   Section       28  main.o(.emb_text)
    .text                                    0x00000184   Section      128  startup_cms32l051.o(.text)
    .text                                    0x00000204   Section      346  aeabi_sdiv.o(.text)
    .text                                    0x0000035e   Section        0  heapauxi.o(.text)
    .text                                    0x00000364   Section       62  sys_stackheap_outer.o(.text)
    .text                                    0x000003a2   Section        0  exit.o(.text)
    .text                                    0x000003b4   Section        8  libspace.o(.text)
    i.CLK_GetHocoFreq                        0x000003bc   Section        0  system_cms32l051.o(i.CLK_GetHocoFreq)
    i.DMA_Start                              0x00000448   Section        0  dma.o(i.DMA_Start)
    i.DMA_Trigger                            0x000004f0   Section        0  dma.o(i.DMA_Trigger)
    i.IRQ00_Handler                          0x00000514   Section        0  system_cms32l051.o(i.IRQ00_Handler)
    i.IRQ07_Handler                          0x00000520   Section        0  sci_user.o(i.IRQ07_Handler)
    uart2_interrupt_send                     0x00000521   Thumb Code     0  sci_user.o(i.IRQ07_Handler)
    i.IRQ08_Handler                          0x00000574   Section        0  sci_user.o(i.IRQ08_Handler)
    uart2_interrupt_receive                  0x00000575   Thumb Code     0  sci_user.o(i.IRQ08_Handler)
    i.SysTick_Handler                        0x000005f4   Section        0  main.o(i.SysTick_Handler)
    i.SystemCoreClockUpdate                  0x00000604   Section        0  system_cms32l051.o(i.SystemCoreClockUpdate)
    i.SystemInit                             0x00000614   Section        0  system_cms32l051.o(i.SystemInit)
    i.UART0_BaudRate                         0x00000688   Section        0  sci.o(i.UART0_BaudRate)
    i.UART0_Init                             0x000006cc   Section        0  sci.o(i.UART0_Init)
    i.UART0_Start                            0x000007b4   Section        0  sci.o(i.UART0_Start)
    i.UART1_BaudRate                         0x000007f8   Section        0  sci.o(i.UART1_BaudRate)
    i.UART1_Init                             0x0000083c   Section        0  sci.o(i.UART1_Init)
    i.UART1_Start                            0x00000928   Section        0  sci.o(i.UART1_Start)
    i.UART2_BaudRate                         0x0000096c   Section        0  sci.o(i.UART2_BaudRate)
    i.UART2_Init                             0x000009b0   Section        0  sci.o(i.UART2_Init)
    i.UART2_Send                             0x00000aa8   Section        0  sci.o(i.UART2_Send)
    i.UART2_Start                            0x00000ae4   Section        0  sci.o(i.UART2_Start)
    i.UART_BaudRateCal                       0x00000b30   Section        0  sci.o(i.UART_BaudRateCal)
    i.__ARM_common_switch8                   0x00000b98   Section        0  system_cms32l051.o(i.__ARM_common_switch8)
    i.__NVIC_ClearPendingIRQ                 0x00000bb4   Section        0  sci.o(i.__NVIC_ClearPendingIRQ)
    __NVIC_ClearPendingIRQ                   0x00000bb5   Thumb Code    18  sci.o(i.__NVIC_ClearPendingIRQ)
    i._sys_exit                              0x00000bcc   Section        0  retarget.o(i._sys_exit)
    i.delayMS                                0x00000be8   Section        0  main.o(i.delayMS)
    i.hard_fault_handler_c                   0x00000bf8   Section        0  main.o(i.hard_fault_handler_c)
    __tagsym$$used                           0x00000bf9   Number         0  main.o(i.hard_fault_handler_c)
    i.main                                   0x00000bfc   Section        0  main.o(i.main)
    i.uart0_callback_error                   0x00000cb4   Section        0  sci_user.o(i.uart0_callback_error)
    uart0_callback_error                     0x00000cb5   Thumb Code     2  sci_user.o(i.uart0_callback_error)
    i.uart0_callback_receiveend              0x00000cb6   Section        0  sci_user.o(i.uart0_callback_receiveend)
    uart0_callback_receiveend                0x00000cb7   Thumb Code     2  sci_user.o(i.uart0_callback_receiveend)
    i.uart0_callback_sendend                 0x00000cb8   Section        0  sci_user.o(i.uart0_callback_sendend)
    uart0_callback_sendend                   0x00000cb9   Thumb Code     2  sci_user.o(i.uart0_callback_sendend)
    i.uart0_callback_softwareoverrun         0x00000cba   Section        0  sci_user.o(i.uart0_callback_softwareoverrun)
    uart0_callback_softwareoverrun           0x00000cbb   Thumb Code     2  sci_user.o(i.uart0_callback_softwareoverrun)
    i.uart0_interrupt_receive                0x00000cbc   Section        0  sci_user.o(i.uart0_interrupt_receive)
    i.uart0_interrupt_send                   0x00000d38   Section        0  sci_user.o(i.uart0_interrupt_send)
    i.uart1_callback_error                   0x00000d8c   Section        0  sci_user.o(i.uart1_callback_error)
    uart1_callback_error                     0x00000d8d   Thumb Code     2  sci_user.o(i.uart1_callback_error)
    i.uart1_callback_receiveend              0x00000d8e   Section        0  sci_user.o(i.uart1_callback_receiveend)
    uart1_callback_receiveend                0x00000d8f   Thumb Code     2  sci_user.o(i.uart1_callback_receiveend)
    i.uart1_callback_sendend                 0x00000d90   Section        0  sci_user.o(i.uart1_callback_sendend)
    uart1_callback_sendend                   0x00000d91   Thumb Code     2  sci_user.o(i.uart1_callback_sendend)
    i.uart1_callback_softwareoverrun         0x00000d92   Section        0  sci_user.o(i.uart1_callback_softwareoverrun)
    uart1_callback_softwareoverrun           0x00000d93   Thumb Code     2  sci_user.o(i.uart1_callback_softwareoverrun)
    i.uart1_interrupt_receive                0x00000d94   Section        0  sci_user.o(i.uart1_interrupt_receive)
    i.uart1_interrupt_send                   0x00000e10   Section        0  sci_user.o(i.uart1_interrupt_send)
    i.uart2_callback_error                   0x00000e4c   Section        0  sci_user.o(i.uart2_callback_error)
    uart2_callback_error                     0x00000e4d   Thumb Code     2  sci_user.o(i.uart2_callback_error)
    i.uart2_callback_receiveend              0x00000e4e   Section        0  sci_user.o(i.uart2_callback_receiveend)
    uart2_callback_receiveend                0x00000e4f   Thumb Code     2  sci_user.o(i.uart2_callback_receiveend)
    i.uart2_callback_sendend                 0x00000e50   Section        0  sci_user.o(i.uart2_callback_sendend)
    uart2_callback_sendend                   0x00000e51   Thumb Code     2  sci_user.o(i.uart2_callback_sendend)
    i.uart2_callback_softwareoverrun         0x00000e52   Section        0  sci_user.o(i.uart2_callback_softwareoverrun)
    uart2_callback_softwareoverrun           0x00000e53   Thumb Code     2  sci_user.o(i.uart2_callback_softwareoverrun)
    .constdata                               0x00000e54   Section       32  sci.o(.constdata)
    .data                                    0x200001a0   Section       24  main.o(.data)
    .data                                    0x200001b8   Section       44  sci.o(.data)
    .data                                    0x200001e4   Section        4  system_cms32l051.o(.data)
    .bss                                     0x200001e8   Section       96  libspace.o(.bss)
    HEAP                                     0x20000248   Section      256  startup_cms32l051.o(HEAP)
    Heap_Mem                                 0x20000248   Data         256  startup_cms32l051.o(HEAP)
    STACK                                    0x20000348   Section     1024  startup_cms32l051.o(STACK)
    Stack_Mem                                0x20000348   Data        1024  startup_cms32l051.o(STACK)
    __initial_sp                             0x20000748   Data           0  startup_cms32l051.o(STACK)

    Global Symbols

    Symbol Name                              Value     Ov Type        Size  Object(Section)

    BuildAttributes$$THM_ISAv3M$S$PE$A:L22$X:L11$S22$IEEE1$IW$USESV6$~STKCKD$USESV7$~SHL$OSPACE$ROPI$EBA8$UX$STANDARDLIB$REQ8$PRES8$EABIv2 0x00000000   Number         0  anon$$obj.o ABSOLUTE
    __ARM_use_no_argv                        0x00000000   Number         0  main.o ABSOLUTE
    __Vectors                                0x00000000   Data           4  startup_cms32l051.o(RESET)
    _printf_flags                            0x00000000   Number         0  printf_stubs.o ABSOLUTE
    _printf_return_value                     0x00000000   Number         0  printf_stubs.o ABSOLUTE
    _printf_sizespec                         0x00000000   Number         0  printf_stubs.o ABSOLUTE
    _printf_widthprec                        0x00000000   Number         0  printf_stubs.o ABSOLUTE
    __ARM_exceptions_init                     - Undefined Weak Reference
    __alloca_initialize                       - Undefined Weak Reference
    __arm_fini_                               - Undefined Weak Reference
    __arm_preinit_                            - Undefined Weak Reference
    __cpp_initialize__aeabi_                  - Undefined Weak Reference
    __cxa_finalize                            - Undefined Weak Reference
    __rt_locale                               - Undefined Weak Reference
    __sigvec_lookup                           - Undefined Weak Reference
    _atexit_init                              - Undefined Weak Reference
    _call_atexit_fns                          - Undefined Weak Reference
    _clock_init                               - Undefined Weak Reference
    _fp_trap_init                             - Undefined Weak Reference
    _fp_trap_shutdown                         - Undefined Weak Reference
    _get_lc_collate                           - Undefined Weak Reference
    _get_lc_ctype                             - Undefined Weak Reference
    _get_lc_monetary                          - Undefined Weak Reference
    _get_lc_numeric                           - Undefined Weak Reference
    _get_lc_time                              - Undefined Weak Reference
    _getenv_init                              - Undefined Weak Reference
    _handle_redirection                       - Undefined Weak Reference
    _init_alloc                               - Undefined Weak Reference
    _init_user_alloc                          - Undefined Weak Reference
    _initio                                   - Undefined Weak Reference
    _rand_init                                - Undefined Weak Reference
    _signal_finish                            - Undefined Weak Reference
    _signal_init                              - Undefined Weak Reference
    _terminate_alloc                          - Undefined Weak Reference
    _terminate_user_alloc                     - Undefined Weak Reference
    _terminateio                              - Undefined Weak Reference
    __Vectors_End                            0x000000c0   Data           0  startup_cms32l051.o(RESET)
    __Vectors_Size                           0x000000c0   Number         0  startup_cms32l051.o ABSOLUTE
    user_opt_data                            0x000000c0   Data           4  system_cms32l051.o(.ARM.__AT_0x000000C0)
    __main                                   0x000000c5   Thumb Code     8  __main.o(!!!main)
    __scatterload                            0x000000cd   Thumb Code     0  __scatter.o(!!!scatter)
    __scatterload_rt2                        0x000000cd   Thumb Code    52  __scatter.o(!!!scatter)
    __scatterload_rt2_thumb_only             0x000000cd   Thumb Code     0  __scatter.o(!!!scatter)
    __scatterload_null                       0x000000dd   Thumb Code     0  __scatter.o(!!!scatter)
    __scatterload_copy                       0x00000109   Thumb Code    26  __scatter_copy.o(!!handler_copy)
    __scatterload_zeroinit                   0x00000125   Thumb Code    28  __scatter_zi.o(!!handler_zi)
    __rt_lib_init                            0x00000141   Thumb Code     0  libinit.o(.ARM.Collect$$libinit$$00000000)
    __rt_lib_init_alloca_1                   0x00000143   Thumb Code     0  libinit2.o(.ARM.Collect$$libinit$$0000002E)
    __rt_lib_init_argv_1                     0x00000143   Thumb Code     0  libinit2.o(.ARM.Collect$$libinit$$0000002C)
    __rt_lib_init_atexit_1                   0x00000143   Thumb Code     0  libinit2.o(.ARM.Collect$$libinit$$0000001B)
    __rt_lib_init_clock_1                    0x00000143   Thumb Code     0  libinit2.o(.ARM.Collect$$libinit$$00000021)
    __rt_lib_init_cpp_1                      0x00000143   Thumb Code     0  libinit2.o(.ARM.Collect$$libinit$$00000032)
    __rt_lib_init_exceptions_1               0x00000143   Thumb Code     0  libinit2.o(.ARM.Collect$$libinit$$00000030)
    __rt_lib_init_fp_1                       0x00000143   Thumb Code     0  libinit2.o(.ARM.Collect$$libinit$$00000002)
    __rt_lib_init_fp_trap_1                  0x00000143   Thumb Code     0  libinit2.o(.ARM.Collect$$libinit$$0000001F)
    __rt_lib_init_getenv_1                   0x00000143   Thumb Code     0  libinit2.o(.ARM.Collect$$libinit$$00000023)
    __rt_lib_init_heap_1                     0x00000143   Thumb Code     0  libinit2.o(.ARM.Collect$$libinit$$0000000A)
    __rt_lib_init_lc_collate_1               0x00000143   Thumb Code     0  libinit2.o(.ARM.Collect$$libinit$$00000011)
    __rt_lib_init_lc_ctype_1                 0x00000143   Thumb Code     0  libinit2.o(.ARM.Collect$$libinit$$00000013)
    __rt_lib_init_lc_monetary_1              0x00000143   Thumb Code     0  libinit2.o(.ARM.Collect$$libinit$$00000015)
    __rt_lib_init_lc_numeric_1               0x00000143   Thumb Code     0  libinit2.o(.ARM.Collect$$libinit$$00000017)
    __rt_lib_init_lc_time_1                  0x00000143   Thumb Code     0  libinit2.o(.ARM.Collect$$libinit$$00000019)
    __rt_lib_init_preinit_1                  0x00000143   Thumb Code     0  libinit2.o(.ARM.Collect$$libinit$$00000004)
    __rt_lib_init_rand_1                     0x00000143   Thumb Code     0  libinit2.o(.ARM.Collect$$libinit$$0000000E)
    __rt_lib_init_return                     0x00000143   Thumb Code     0  libinit2.o(.ARM.Collect$$libinit$$00000033)
    __rt_lib_init_signal_1                   0x00000143   Thumb Code     0  libinit2.o(.ARM.Collect$$libinit$$0000001D)
    __rt_lib_init_stdio_1                    0x00000143   Thumb Code     0  libinit2.o(.ARM.Collect$$libinit$$00000025)
    __rt_lib_init_user_alloc_1               0x00000143   Thumb Code     0  libinit2.o(.ARM.Collect$$libinit$$0000000C)
    __rt_lib_shutdown                        0x00000145   Thumb Code     0  libshutdown.o(.ARM.Collect$$libshutdown$$00000000)
    __rt_lib_shutdown_cpp_1                  0x00000147   Thumb Code     0  libshutdown2.o(.ARM.Collect$$libshutdown$$00000004)
    __rt_lib_shutdown_fini_1                 0x00000147   Thumb Code     0  libshutdown2.o(.ARM.Collect$$libshutdown$$00000002)
    __rt_lib_shutdown_fp_trap_1              0x00000147   Thumb Code     0  libshutdown2.o(.ARM.Collect$$libshutdown$$00000009)
    __rt_lib_shutdown_heap_1                 0x00000147   Thumb Code     0  libshutdown2.o(.ARM.Collect$$libshutdown$$00000011)
    __rt_lib_shutdown_return                 0x00000147   Thumb Code     0  libshutdown2.o(.ARM.Collect$$libshutdown$$00000012)
    __rt_lib_shutdown_signal_1               0x00000147   Thumb Code     0  libshutdown2.o(.ARM.Collect$$libshutdown$$0000000C)
    __rt_lib_shutdown_stdio_1                0x00000147   Thumb Code     0  libshutdown2.o(.ARM.Collect$$libshutdown$$00000006)
    __rt_lib_shutdown_user_alloc_1           0x00000147   Thumb Code     0  libshutdown2.o(.ARM.Collect$$libshutdown$$0000000E)
    __rt_entry                               0x00000149   Thumb Code     0  __rtentry.o(.ARM.Collect$$rtentry$$00000000)
    __rt_entry_presh_1                       0x00000149   Thumb Code     0  __rtentry2.o(.ARM.Collect$$rtentry$$00000002)
    __rt_entry_sh                            0x00000149   Thumb Code     0  __rtentry4.o(.ARM.Collect$$rtentry$$00000004)
    __rt_entry_li                            0x0000014f   Thumb Code     0  __rtentry2.o(.ARM.Collect$$rtentry$$0000000A)
    __rt_entry_postsh_1                      0x0000014f   Thumb Code     0  __rtentry2.o(.ARM.Collect$$rtentry$$00000009)
    __rt_entry_main                          0x00000153   Thumb Code     0  __rtentry2.o(.ARM.Collect$$rtentry$$0000000D)
    __rt_entry_postli_1                      0x00000153   Thumb Code     0  __rtentry2.o(.ARM.Collect$$rtentry$$0000000C)
    __rt_exit                                0x0000015b   Thumb Code     0  rtexit.o(.ARM.Collect$$rtexit$$00000000)
    __rt_exit_ls                             0x0000015d   Thumb Code     0  rtexit2.o(.ARM.Collect$$rtexit$$00000003)
    __rt_exit_prels_1                        0x0000015d   Thumb Code     0  rtexit2.o(.ARM.Collect$$rtexit$$00000002)
    __rt_exit_exit                           0x00000161   Thumb Code     0  rtexit2.o(.ARM.Collect$$rtexit$$00000004)
    HardFault_Handler                        0x00000169   Thumb Code    24  main.o(.emb_text)
    Reset_Handler                            0x00000185   Thumb Code     8  startup_cms32l051.o(.text)
    NMI_Handler                              0x0000018d   Thumb Code     2  startup_cms32l051.o(.text)
    MemManage_Handler                        0x00000191   Thumb Code     2  startup_cms32l051.o(.text)
    BusFault_Handler                         0x00000193   Thumb Code     2  startup_cms32l051.o(.text)
    UsageFault_Handler                       0x00000195   Thumb Code     2  startup_cms32l051.o(.text)
    SVC_Handler                              0x00000197   Thumb Code     2  startup_cms32l051.o(.text)
    DebugMon_Handler                         0x00000199   Thumb Code     2  startup_cms32l051.o(.text)
    PendSV_Handler                           0x0000019b   Thumb Code     2  startup_cms32l051.o(.text)
    IRQ01_Handler                            0x000001a1   Thumb Code     2  startup_cms32l051.o(.text)
    IRQ02_Handler                            0x000001a3   Thumb Code     2  startup_cms32l051.o(.text)
    IRQ03_Handler                            0x000001a5   Thumb Code     2  startup_cms32l051.o(.text)
    IRQ04_Handler                            0x000001a7   Thumb Code     2  startup_cms32l051.o(.text)
    IRQ05_Handler                            0x000001a9   Thumb Code     2  startup_cms32l051.o(.text)
    IRQ06_Handler                            0x000001ab   Thumb Code     2  startup_cms32l051.o(.text)
    IRQ09_Handler                            0x000001b1   Thumb Code     2  startup_cms32l051.o(.text)
    IRQ12_Handler                            0x000001b7   Thumb Code     2  startup_cms32l051.o(.text)
    IRQ15_Handler                            0x000001bd   Thumb Code     2  startup_cms32l051.o(.text)
    IRQ16_Handler                            0x000001bf   Thumb Code     2  startup_cms32l051.o(.text)
    IRQ17_Handler                            0x000001c1   Thumb Code     2  startup_cms32l051.o(.text)
    IRQ18_Handler                            0x000001c3   Thumb Code     2  startup_cms32l051.o(.text)
    IRQ19_Handler                            0x000001c5   Thumb Code     2  startup_cms32l051.o(.text)
    IRQ20_Handler                            0x000001c7   Thumb Code     2  startup_cms32l051.o(.text)
    IRQ21_Handler                            0x000001c9   Thumb Code     2  startup_cms32l051.o(.text)
    IRQ22_Handler                            0x000001cb   Thumb Code     2  startup_cms32l051.o(.text)
    IRQ23_Handler                            0x000001cd   Thumb Code     2  startup_cms32l051.o(.text)
    IRQ24_Handler                            0x000001cf   Thumb Code     2  startup_cms32l051.o(.text)
    IRQ25_Handler                            0x000001d1   Thumb Code     2  startup_cms32l051.o(.text)
    IRQ26_Handler                            0x000001d3   Thumb Code     2  startup_cms32l051.o(.text)
    IRQ27_Handler                            0x000001d5   Thumb Code     2  startup_cms32l051.o(.text)
    IRQ28_Handler                            0x000001d7   Thumb Code     2  startup_cms32l051.o(.text)
    IRQ29_Handler                            0x000001d9   Thumb Code     2  startup_cms32l051.o(.text)
    IRQ30_Handler                            0x000001db   Thumb Code     2  startup_cms32l051.o(.text)
    IRQ31_Handler                            0x000001dd   Thumb Code     2  startup_cms32l051.o(.text)
    __user_initial_stackheap                 0x000001e1   Thumb Code    10  startup_cms32l051.o(.text)
    __aeabi_uidiv                            0x00000205   Thumb Code     0  aeabi_sdiv.o(.text)
    __aeabi_uidivmod                         0x00000205   Thumb Code    20  aeabi_sdiv.o(.text)
    __aeabi_idiv                             0x00000219   Thumb Code     0  aeabi_sdiv.o(.text)
    __aeabi_idivmod                          0x00000219   Thumb Code   326  aeabi_sdiv.o(.text)
    __use_two_region_memory                  0x0000035f   Thumb Code     2  heapauxi.o(.text)
    __rt_heap_escrow$2region                 0x00000361   Thumb Code     2  heapauxi.o(.text)
    __rt_heap_expand$2region                 0x00000363   Thumb Code     2  heapauxi.o(.text)
    __user_setup_stackheap                   0x00000365   Thumb Code    62  sys_stackheap_outer.o(.text)
    exit                                     0x000003a3   Thumb Code    16  exit.o(.text)
    __user_libspace                          0x000003b5   Thumb Code     8  libspace.o(.text)
    __user_perproc_libspace                  0x000003b5   Thumb Code     0  libspace.o(.text)
    __user_perthread_libspace                0x000003b5   Thumb Code     0  libspace.o(.text)
    CLK_GetHocoFreq                          0x000003bd   Thumb Code    86  system_cms32l051.o(i.CLK_GetHocoFreq)
    DMA_Start                                0x00000449   Thumb Code   158  dma.o(i.DMA_Start)
    DMA_Trigger                              0x000004f1   Thumb Code    30  dma.o(i.DMA_Trigger)
    IRQ00_Handler                            0x00000515   Thumb Code     8  system_cms32l051.o(i.IRQ00_Handler)
    IRQ07_Handler                            0x00000521   Thumb Code    64  sci_user.o(i.IRQ07_Handler)
    IRQ08_Handler                            0x00000575   Thumb Code   102  sci_user.o(i.IRQ08_Handler)
    SysTick_Handler                          0x000005f5   Thumb Code    10  main.o(i.SysTick_Handler)
    SystemCoreClockUpdate                    0x00000605   Thumb Code    12  system_cms32l051.o(i.SystemCoreClockUpdate)
    SystemInit                               0x00000615   Thumb Code    82  system_cms32l051.o(i.SystemInit)
    UART0_BaudRate                           0x00000689   Thumb Code    60  sci.o(i.UART0_BaudRate)
    UART0_Init                               0x000006cd   Thumb Code   192  sci.o(i.UART0_Init)
    UART0_Start                              0x000007b5   Thumb Code    54  sci.o(i.UART0_Start)
    UART1_BaudRate                           0x000007f9   Thumb Code    60  sci.o(i.UART1_BaudRate)
    UART1_Init                               0x0000083d   Thumb Code   192  sci.o(i.UART1_Init)
    UART1_Start                              0x00000929   Thumb Code    54  sci.o(i.UART1_Start)
    UART2_BaudRate                           0x0000096d   Thumb Code    60  sci.o(i.UART2_BaudRate)
    UART2_Init                               0x000009b1   Thumb Code   208  sci.o(i.UART2_Init)
    UART2_Send                               0x00000aa9   Thumb Code    50  sci.o(i.UART2_Send)
    UART2_Start                              0x00000ae5   Thumb Code    62  sci.o(i.UART2_Start)
    UART_BaudRateCal                         0x00000b31   Thumb Code    94  sci.o(i.UART_BaudRateCal)
    __ARM_common_switch8                     0x00000b99   Thumb Code    26  system_cms32l051.o(i.__ARM_common_switch8)
    _sys_exit                                0x00000bcd   Thumb Code    18  retarget.o(i._sys_exit)
    delayMS                                  0x00000be9   Thumb Code    12  main.o(i.delayMS)
    hard_fault_handler_c                     0x00000bf9   Thumb Code     2  main.o(i.hard_fault_handler_c)
    main                                     0x00000bfd   Thumb Code   158  main.o(i.main)
    IRQ11_Handler                            0x00000cbd   Thumb Code     0  sci_user.o(i.uart0_interrupt_receive)
    uart0_interrupt_receive                  0x00000cbd   Thumb Code   100  sci_user.o(i.uart0_interrupt_receive)
    IRQ10_Handler                            0x00000d39   Thumb Code     0  sci_user.o(i.uart0_interrupt_send)
    uart0_interrupt_send                     0x00000d39   Thumb Code    62  sci_user.o(i.uart0_interrupt_send)
    IRQ14_Handler                            0x00000d95   Thumb Code     0  sci_user.o(i.uart1_interrupt_receive)
    uart1_interrupt_receive                  0x00000d95   Thumb Code   100  sci_user.o(i.uart1_interrupt_receive)
    IRQ13_Handler                            0x00000e11   Thumb Code     0  sci_user.o(i.uart1_interrupt_send)
    uart1_interrupt_send                     0x00000e11   Thumb Code    44  sci_user.o(i.uart1_interrupt_send)
    sps_tbl                                  0x00000e54   Data          32  sci.o(.constdata)
    Region$$Table$$Base                      0x00000e74   Number         0  anon$$obj.o(Region$$Table)
    Region$$Table$$Limit                     0x00000e94   Number         0  anon$$obj.o(Region$$Table)
    g_ticks                                  0x200001a0   Data           4  main.o(.data)
    User_tx_buf                              0x200001a4   Data          20  main.o(.data)
    g_uart0_tx_count                         0x200001b8   Data           2  sci.o(.data)
    g_uart0_rx_count                         0x200001ba   Data           2  sci.o(.data)
    g_uart0_rx_length                        0x200001bc   Data           2  sci.o(.data)
    g_uart1_tx_count                         0x200001be   Data           2  sci.o(.data)
    g_uart1_rx_count                         0x200001c0   Data           2  sci.o(.data)
    g_uart1_rx_length                        0x200001c2   Data           2  sci.o(.data)
    g_uart2_tx_count                         0x200001c4   Data           2  sci.o(.data)
    g_uart2_rx_count                         0x200001c6   Data           2  sci.o(.data)
    g_uart2_rx_length                        0x200001c8   Data           2  sci.o(.data)
    gp_uart0_tx_address                      0x200001cc   Data           4  sci.o(.data)
    gp_uart0_rx_address                      0x200001d0   Data           4  sci.o(.data)
    gp_uart1_tx_address                      0x200001d4   Data           4  sci.o(.data)
    gp_uart1_rx_address                      0x200001d8   Data           4  sci.o(.data)
    gp_uart2_tx_address                      0x200001dc   Data           4  sci.o(.data)
    gp_uart2_rx_address                      0x200001e0   Data           4  sci.o(.data)
    SystemCoreClock                          0x200001e4   Data           4  system_cms32l051.o(.data)
    __libspace_start                         0x200001e8   Data          96  libspace.o(.bss)
    __temporary_stack_top$libspace           0x20000248   Data           0  libspace.o(.bss)



==============================================================================

Memory Map of the image

  Image Entry point : 0x000000c5

  Load Region LR_IROM1 (Base: 0x00000000, Size: 0x00000edc, Max: 0x00010000, ABSOLUTE)

    Execution Region ER_IROM1 (Exec base: 0x00000000, Load base: 0x00000000, Size: 0x00000e94, Max: 0x00010000, ABSOLUTE)

    Exec Addr    Load Addr    Size         Type   Attr      Idx    E Section Name        Object

    0x00000000   0x00000000   0x000000c0   Data   RO          541    RESET               startup_cms32l051.o
    0x000000c0   0x000000c0   0x00000004   Data   RO          552    .ARM.__AT_0x000000C0  system_cms32l051.o
    0x000000c4   0x000000c4   0x00000008   Code   RO          601  * !!!main             c_p.l(__main.o)
    0x000000cc   0x000000cc   0x0000003c   Code   RO          768    !!!scatter          c_p.l(__scatter.o)
    0x00000108   0x00000108   0x0000001a   Code   RO          770    !!handler_copy      c_p.l(__scatter_copy.o)
    0x00000122   0x00000122   0x00000002   PAD
    0x00000124   0x00000124   0x0000001c   Code   RO          772    !!handler_zi        c_p.l(__scatter_zi.o)
    0x00000140   0x00000140   0x00000002   Code   RO          639    .ARM.Collect$$libinit$$00000000  c_p.l(libinit.o)
    0x00000142   0x00000142   0x00000000   Code   RO          653    .ARM.Collect$$libinit$$00000002  c_p.l(libinit2.o)
    0x00000142   0x00000142   0x00000000   Code   RO          655    .ARM.Collect$$libinit$$00000004  c_p.l(libinit2.o)
    0x00000142   0x00000142   0x00000000   Code   RO          658    .ARM.Collect$$libinit$$0000000A  c_p.l(libinit2.o)
    0x00000142   0x00000142   0x00000000   Code   RO          660    .ARM.Collect$$libinit$$0000000C  c_p.l(libinit2.o)
    0x00000142   0x00000142   0x00000000   Code   RO          662    .ARM.Collect$$libinit$$0000000E  c_p.l(libinit2.o)
    0x00000142   0x00000142   0x00000000   Code   RO          665    .ARM.Collect$$libinit$$00000011  c_p.l(libinit2.o)
    0x00000142   0x00000142   0x00000000   Code   RO          667    .ARM.Collect$$libinit$$00000013  c_p.l(libinit2.o)
    0x00000142   0x00000142   0x00000000   Code   RO          669    .ARM.Collect$$libinit$$00000015  c_p.l(libinit2.o)
    0x00000142   0x00000142   0x00000000   Code   RO          671    .ARM.Collect$$libinit$$00000017  c_p.l(libinit2.o)
    0x00000142   0x00000142   0x00000000   Code   RO          673    .ARM.Collect$$libinit$$00000019  c_p.l(libinit2.o)
    0x00000142   0x00000142   0x00000000   Code   RO          675    .ARM.Collect$$libinit$$0000001B  c_p.l(libinit2.o)
    0x00000142   0x00000142   0x00000000   Code   RO          677    .ARM.Collect$$libinit$$0000001D  c_p.l(libinit2.o)
    0x00000142   0x00000142   0x00000000   Code   RO          679    .ARM.Collect$$libinit$$0000001F  c_p.l(libinit2.o)
    0x00000142   0x00000142   0x00000000   Code   RO          681    .ARM.Collect$$libinit$$00000021  c_p.l(libinit2.o)
    0x00000142   0x00000142   0x00000000   Code   RO          683    .ARM.Collect$$libinit$$00000023  c_p.l(libinit2.o)
    0x00000142   0x00000142   0x00000000   Code   RO          685    .ARM.Collect$$libinit$$00000025  c_p.l(libinit2.o)
    0x00000142   0x00000142   0x00000000   Code   RO          689    .ARM.Collect$$libinit$$0000002C  c_p.l(libinit2.o)
    0x00000142   0x00000142   0x00000000   Code   RO          691    .ARM.Collect$$libinit$$0000002E  c_p.l(libinit2.o)
    0x00000142   0x00000142   0x00000000   Code   RO          693    .ARM.Collect$$libinit$$00000030  c_p.l(libinit2.o)
    0x00000142   0x00000142   0x00000000   Code   RO          695    .ARM.Collect$$libinit$$00000032  c_p.l(libinit2.o)
    0x00000142   0x00000142   0x00000002   Code   RO          696    .ARM.Collect$$libinit$$00000033  c_p.l(libinit2.o)
    0x00000144   0x00000144   0x00000002   Code   RO          720    .ARM.Collect$$libshutdown$$00000000  c_p.l(libshutdown.o)
    0x00000146   0x00000146   0x00000000   Code   RO          746    .ARM.Collect$$libshutdown$$00000002  c_p.l(libshutdown2.o)
    0x00000146   0x00000146   0x00000000   Code   RO          748    .ARM.Collect$$libshutdown$$00000004  c_p.l(libshutdown2.o)
    0x00000146   0x00000146   0x00000000   Code   RO          750    .ARM.Collect$$libshutdown$$00000006  c_p.l(libshutdown2.o)
    0x00000146   0x00000146   0x00000000   Code   RO          753    .ARM.Collect$$libshutdown$$00000009  c_p.l(libshutdown2.o)
    0x00000146   0x00000146   0x00000000   Code   RO          756    .ARM.Collect$$libshutdown$$0000000C  c_p.l(libshutdown2.o)
    0x00000146   0x00000146   0x00000000   Code   RO          758    .ARM.Collect$$libshutdown$$0000000E  c_p.l(libshutdown2.o)
    0x00000146   0x00000146   0x00000000   Code   RO          761    .ARM.Collect$$libshutdown$$00000011  c_p.l(libshutdown2.o)
    0x00000146   0x00000146   0x00000002   Code   RO          762    .ARM.Collect$$libshutdown$$00000012  c_p.l(libshutdown2.o)
    0x00000148   0x00000148   0x00000000   Code   RO          603    .ARM.Collect$$rtentry$$00000000  c_p.l(__rtentry.o)
    0x00000148   0x00000148   0x00000000   Code   RO          609    .ARM.Collect$$rtentry$$00000002  c_p.l(__rtentry2.o)
    0x00000148   0x00000148   0x00000006   Code   RO          621    .ARM.Collect$$rtentry$$00000004  c_p.l(__rtentry4.o)
    0x0000014e   0x0000014e   0x00000000   Code   RO          611    .ARM.Collect$$rtentry$$00000009  c_p.l(__rtentry2.o)
    0x0000014e   0x0000014e   0x00000004   Code   RO          612    .ARM.Collect$$rtentry$$0000000A  c_p.l(__rtentry2.o)
    0x00000152   0x00000152   0x00000000   Code   RO          614    .ARM.Collect$$rtentry$$0000000C  c_p.l(__rtentry2.o)
    0x00000152   0x00000152   0x00000008   Code   RO          615    .ARM.Collect$$rtentry$$0000000D  c_p.l(__rtentry2.o)
    0x0000015a   0x0000015a   0x00000002   Code   RO          644    .ARM.Collect$$rtexit$$00000000  c_p.l(rtexit.o)
    0x0000015c   0x0000015c   0x00000000   Code   RO          698    .ARM.Collect$$rtexit$$00000002  c_p.l(rtexit2.o)
    0x0000015c   0x0000015c   0x00000004   Code   RO          699    .ARM.Collect$$rtexit$$00000003  c_p.l(rtexit2.o)
    0x00000160   0x00000160   0x00000006   Code   RO          700    .ARM.Collect$$rtexit$$00000004  c_p.l(rtexit2.o)
    0x00000166   0x00000166   0x00000002   PAD
    0x00000168   0x00000168   0x0000001c   Code   RO            3    .emb_text           main.o
    0x00000184   0x00000184   0x00000080   Code   RO          542    .text               startup_cms32l051.o
    0x00000204   0x00000204   0x0000015a   Code   RO          595    .text               c_p.l(aeabi_sdiv.o)
    0x0000035e   0x0000035e   0x00000006   Code   RO          599    .text               c_p.l(heapauxi.o)
    0x00000364   0x00000364   0x0000003e   Code   RO          625    .text               c_p.l(sys_stackheap_outer.o)
    0x000003a2   0x000003a2   0x00000010   Code   RO          628    .text               c_p.l(exit.o)
    0x000003b2   0x000003b2   0x00000002   PAD
    0x000003b4   0x000003b4   0x00000008   Code   RO          640    .text               c_p.l(libspace.o)
    0x000003bc   0x000003bc   0x0000008c   Code   RO          548    i.CLK_GetHocoFreq   system_cms32l051.o
    0x00000448   0x00000448   0x000000a8   Code   RO          446    i.DMA_Start         dma.o
    0x000004f0   0x000004f0   0x00000024   Code   RO          448    i.DMA_Trigger       dma.o
    0x00000514   0x00000514   0x0000000c   Code   RO          549    i.IRQ00_Handler     system_cms32l051.o
    0x00000520   0x00000520   0x00000054   Code   RO          318    i.IRQ07_Handler     sci_user.o
    0x00000574   0x00000574   0x00000080   Code   RO          319    i.IRQ08_Handler     sci_user.o
    0x000005f4   0x000005f4   0x00000010   Code   RO            4    i.SysTick_Handler   main.o
    0x00000604   0x00000604   0x00000010   Code   RO          550    i.SystemCoreClockUpdate  system_cms32l051.o
    0x00000614   0x00000614   0x00000074   Code   RO          551    i.SystemInit        system_cms32l051.o
    0x00000688   0x00000688   0x00000044   Code   RO           88    i.UART0_BaudRate    sci.o
    0x000006cc   0x000006cc   0x000000e8   Code   RO           89    i.UART0_Init        sci.o
    0x000007b4   0x000007b4   0x00000044   Code   RO           94    i.UART0_Start       sci.o
    0x000007f8   0x000007f8   0x00000044   Code   RO           96    i.UART1_BaudRate    sci.o
    0x0000083c   0x0000083c   0x000000ec   Code   RO           97    i.UART1_Init        sci.o
    0x00000928   0x00000928   0x00000044   Code   RO          100    i.UART1_Start       sci.o
    0x0000096c   0x0000096c   0x00000044   Code   RO          102    i.UART2_BaudRate    sci.o
    0x000009b0   0x000009b0   0x000000f8   Code   RO          103    i.UART2_Init        sci.o
    0x00000aa8   0x00000aa8   0x0000003c   Code   RO          105    i.UART2_Send        sci.o
    0x00000ae4   0x00000ae4   0x0000004c   Code   RO          106    i.UART2_Start       sci.o
    0x00000b30   0x00000b30   0x00000068   Code   RO          108    i.UART_BaudRateCal  sci.o
    0x00000b98   0x00000b98   0x0000001a   Code   RO          585    i.__ARM_common_switch8  system_cms32l051.o
    0x00000bb2   0x00000bb2   0x00000002   PAD
    0x00000bb4   0x00000bb4   0x00000018   Code   RO          109    i.__NVIC_ClearPendingIRQ  sci.o
    0x00000bcc   0x00000bcc   0x0000001c   Code   RO          483    i._sys_exit         retarget.o
    0x00000be8   0x00000be8   0x00000010   Code   RO            5    i.delayMS           main.o
    0x00000bf8   0x00000bf8   0x00000002   Code   RO            6    i.hard_fault_handler_c  main.o
    0x00000bfa   0x00000bfa   0x00000002   PAD
    0x00000bfc   0x00000bfc   0x000000b8   Code   RO            7    i.main              main.o
    0x00000cb4   0x00000cb4   0x00000002   Code   RO          320    i.uart0_callback_error  sci_user.o
    0x00000cb6   0x00000cb6   0x00000002   Code   RO          321    i.uart0_callback_receiveend  sci_user.o
    0x00000cb8   0x00000cb8   0x00000002   Code   RO          322    i.uart0_callback_sendend  sci_user.o
    0x00000cba   0x00000cba   0x00000002   Code   RO          323    i.uart0_callback_softwareoverrun  sci_user.o
    0x00000cbc   0x00000cbc   0x0000007c   Code   RO          324    i.uart0_interrupt_receive  sci_user.o
    0x00000d38   0x00000d38   0x00000054   Code   RO          325    i.uart0_interrupt_send  sci_user.o
    0x00000d8c   0x00000d8c   0x00000002   Code   RO          326    i.uart1_callback_error  sci_user.o
    0x00000d8e   0x00000d8e   0x00000002   Code   RO          327    i.uart1_callback_receiveend  sci_user.o
    0x00000d90   0x00000d90   0x00000002   Code   RO          328    i.uart1_callback_sendend  sci_user.o
    0x00000d92   0x00000d92   0x00000002   Code   RO          329    i.uart1_callback_softwareoverrun  sci_user.o
    0x00000d94   0x00000d94   0x0000007c   Code   RO          330    i.uart1_interrupt_receive  sci_user.o
    0x00000e10   0x00000e10   0x0000003c   Code   RO          331    i.uart1_interrupt_send  sci_user.o
    0x00000e4c   0x00000e4c   0x00000002   Code   RO          332    i.uart2_callback_error  sci_user.o
    0x00000e4e   0x00000e4e   0x00000002   Code   RO          333    i.uart2_callback_receiveend  sci_user.o
    0x00000e50   0x00000e50   0x00000002   Code   RO          334    i.uart2_callback_sendend  sci_user.o
    0x00000e52   0x00000e52   0x00000002   Code   RO          335    i.uart2_callback_softwareoverrun  sci_user.o
    0x00000e54   0x00000e54   0x00000020   Data   RO          110    .constdata          sci.o
    0x00000e74   0x00000e74   0x00000020   Data   RO          766    Region$$Table       anon$$obj.o


    Execution Region RW_IRAM1 (Exec base: 0x200001a0, Load base: 0x00000e94, Size: 0x000005a8, Max: 0x00001e60, ABSOLUTE)

    Exec Addr    Load Addr    Size         Type   Attr      Idx    E Section Name        Object

    0x200001a0   0x00000e94   0x00000018   Data   RW            9    .data               main.o
    0x200001b8   0x00000eac   0x0000002c   Data   RW          111    .data               sci.o
    0x200001e4   0x00000ed8   0x00000004   Data   RW          553    .data               system_cms32l051.o
    0x200001e8        -       0x00000060   Zero   RW          641    .bss                c_p.l(libspace.o)
    0x20000248        -       0x00000100   Zero   RW          540    HEAP                startup_cms32l051.o
    0x20000348        -       0x00000400   Zero   RW          539    STACK               startup_cms32l051.o


==============================================================================

Image component sizes


      Code (inc. data)   RO Data    RW Data    ZI Data      Debug   Object Name

       204         16          0          0          0       2094   dma.o
       246         40          0         24          0      75896   main.o
        28         10          0          0          0        508   retarget.o
      1320        216         32         44          0      28028   sci.o
       628        132          0          0          0       9291   sci_user.o
       128         28        192          0       1280       2144   startup_cms32l051.o
       310        112          4          4          0       3651   system_cms32l051.o

    ----------------------------------------------------------------------
      2868        554        260         72       1280     121612   Object Totals
         0          0         32          0          0          0   (incl. Generated)
         4          0          0          0          0          0   (incl. Padding)

    ----------------------------------------------------------------------

      Code (inc. data)   RO Data    RW Data    ZI Data      Debug   Library Member Name

         8          0          0          0          0         68   __main.o
         0          0          0          0          0          0   __rtentry.o
        12          0          0          0          0          0   __rtentry2.o
         6          0          0          0          0          0   __rtentry4.o
        60          8          0          0          0          0   __scatter.o
        26          0          0          0          0          0   __scatter_copy.o
        28          0          0          0          0          0   __scatter_zi.o
       346          0          0          0          0         92   aeabi_sdiv.o
        16          0          0          0          0         68   exit.o
         6          0          0          0          0        136   heapauxi.o
         2          0          0          0          0          0   libinit.o
         2          0          0          0          0          0   libinit2.o
         2          0          0          0          0          0   libshutdown.o
         2          0          0          0          0          0   libshutdown2.o
         8          4          0          0         96         68   libspace.o
         2          0          0          0          0          0   rtexit.o
        10          0          0          0          0          0   rtexit2.o
        62          0          0          0          0         80   sys_stackheap_outer.o

    ----------------------------------------------------------------------
       604         12          0          0         96        512   Library Totals
         6          0          0          0          0          0   (incl. Padding)

    ----------------------------------------------------------------------

      Code (inc. data)   RO Data    RW Data    ZI Data      Debug   Library Name

       598         12          0          0         96        512   c_p.l

    ----------------------------------------------------------------------
       604         12          0          0         96        512   Library Totals

    ----------------------------------------------------------------------

==============================================================================


      Code (inc. data)   RO Data    RW Data    ZI Data      Debug   

      3472        566        260         72       1376     120264   Grand Totals
      3472        566        260         72       1376     120264   ELF Image Totals
      3472        566        260         72          0          0   ROM Totals

==============================================================================

    Total RO  Size (Code + RO Data)                 3732 (   3.64kB)
    Total RW  Size (RW Data + ZI Data)              1448 (   1.41kB)
    Total ROM Size (Code + RO Data + RW Data)       3804 (   3.71kB)

==============================================================================

