<html>
<body>
<pre>
<h1>µVision Build Log</h1>
<h2>Tool Versions:</h2>
IDE-Version: µVision V5.37.0.0
Copyright (C) 2022 ARM Ltd and ARM Germany GmbH. All rights reserved.
License Information: Lau wei, xGeminids, LIC=UJWP0-B7YP4-X7YRZ-JZJHA-QT650-ZM3NS
 
Tool Versions:
Toolchain:       MDK-ARM Plus  Version: 5.37.0.0
Toolchain Path:  C:\Program Files\Keil\ARM\ARMCC\Bin
C Compiler:      Armcc.exe V5.06 update 7 (build 960)
Assembler:       Armasm.exe V5.06 update 7 (build 960)
Linker/Locator:  ArmLink.exe V5.06 update 7 (build 960)
Library Manager: ArmAr.exe V5.06 update 7 (build 960)
Hex Converter:   FromElf.exe V5.06 update 7 (build 960)
CPU DLL:         SARMCM3.DLL V5.37.0.0
Dialog DLL:      DARMCM1.DLL V1.19.6.0
Target DLL:      CMSIS_AGDI.dll V1.33.12.0
Dialog DLL:      TARMCM1.DLL V1.14.6.0
 
<h2>Project:</h2>
C:\WorkStation\Cmsemicon\Coding\CMS32L051\1.3.0\Examples\uartDMASendReceive\MDK\uartDMASendReceive.uvprojx
Project File Date:  08/12/2022

<h2>Output:</h2>
*** Using Compiler 'V5.06 update 7 (build 960)', folder: 'C:\Program Files\Keil\ARM\ARMCC\Bin'
Build target 'CMS32L051'
compiling sci_user.c...
linking...
Program Size: Code=3472 RO-data=260 RW-data=72 ZI-data=1376  
FromELF: creating hex file...
".\Objects\uartDMASendReceive.axf" - 0 Error(s), 0 Warning(s).

<h2>Software Packages used:</h2>

Package Vendor: ARM
                http://www.keil.com/pack/ARM.CMSIS.5.9.0.pack
                ARM.CMSIS.5.9.0
                CMSIS (Common Microcontroller Software Interface Standard)
   * Component: CORE Version: 5.6.0

Package Vendor: Cmsemicon
                http://www.mcu.com.cn/pack/Cmsemicon.CMS32L051.1.3.0.pack
                Cmsemicon.CMS32L051.1.3.0
                Cmsemicon CMS32L051 Device Family Pack
   * Component: Startup Version: 1.0.0

<h2>Collection of Component include folders:</h2>
  ./RTE/Device/CMS32L051LQ48
  ./RTE/_CMS32L051
  C:/Program Files/Keil/Packs/ARM/CMSIS/5.9.0/CMSIS/Core/Include
  C:/Program Files/Keil/Packs/Cmsemicon/CMS32L051/1.3.0/Device/Include

<h2>Collection of Component Files used:</h2>

   * Component: ARM::CMSIS:CORE:5.6.0

   * Component: Cmsemicon::Device:Startup:1.0.0
      Include file:  Device/Source/userdefine.h
      Source file:   Device/Source/system_CMS32L051.c
      Source file:   Device/Source/ARM/startup_CMS32L051.s
Build Time Elapsed:  00:00:01
</pre>
</body>
</html>
